Archive member included to satisfy reference by file (symbol)

c:/program files/microchip/xc8/v2.46/avr/bin/../lib/gcc/avr/5.4.0/../../../../avr/lib/avr5\libm.a(divsf3.o)
                              build/default/debug/newavr-main.o (__divsf3)
c:/program files/microchip/xc8/v2.46/avr/bin/../lib/gcc/avr/5.4.0/../../../../avr/lib/avr5\libm.a(divsf3x.o)
                              c:/program files/microchip/xc8/v2.46/avr/bin/../lib/gcc/avr/5.4.0/../../../../avr/lib/avr5\libm.a(divsf3.o) (__divsf3x)
c:/program files/microchip/xc8/v2.46/avr/bin/../lib/gcc/avr/5.4.0/../../../../avr/lib/avr5\libm.a(fixsfsi.o)
                              build/default/debug/newavr-main.o (__fixsfsi)
c:/program files/microchip/xc8/v2.46/avr/bin/../lib/gcc/avr/5.4.0/../../../../avr/lib/avr5\libm.a(fixunssfsi.o)
                              c:/program files/microchip/xc8/v2.46/avr/bin/../lib/gcc/avr/5.4.0/../../../../avr/lib/avr5\libm.a(fixsfsi.o) (__fixunssfsi)
c:/program files/microchip/xc8/v2.46/avr/bin/../lib/gcc/avr/5.4.0/../../../../avr/lib/avr5\libm.a(floatsisf.o)
                              build/default/debug/newavr-main.o (__floatunsisf)
c:/program files/microchip/xc8/v2.46/avr/bin/../lib/gcc/avr/5.4.0/../../../../avr/lib/avr5\libm.a(fp_inf.o)
                              c:/program files/microchip/xc8/v2.46/avr/bin/../lib/gcc/avr/5.4.0/../../../../avr/lib/avr5\libm.a(divsf3x.o) (__fp_inf)
c:/program files/microchip/xc8/v2.46/avr/bin/../lib/gcc/avr/5.4.0/../../../../avr/lib/avr5\libm.a(fp_nan.o)
                              c:/program files/microchip/xc8/v2.46/avr/bin/../lib/gcc/avr/5.4.0/../../../../avr/lib/avr5\libm.a(divsf3x.o) (__fp_nan)
c:/program files/microchip/xc8/v2.46/avr/bin/../lib/gcc/avr/5.4.0/../../../../avr/lib/avr5\libm.a(fp_pscA.o)
                              c:/program files/microchip/xc8/v2.46/avr/bin/../lib/gcc/avr/5.4.0/../../../../avr/lib/avr5\libm.a(divsf3x.o) (__fp_pscA)
c:/program files/microchip/xc8/v2.46/avr/bin/../lib/gcc/avr/5.4.0/../../../../avr/lib/avr5\libm.a(fp_pscB.o)
                              c:/program files/microchip/xc8/v2.46/avr/bin/../lib/gcc/avr/5.4.0/../../../../avr/lib/avr5\libm.a(divsf3x.o) (__fp_pscB)
c:/program files/microchip/xc8/v2.46/avr/bin/../lib/gcc/avr/5.4.0/../../../../avr/lib/avr5\libm.a(fp_round.o)
                              c:/program files/microchip/xc8/v2.46/avr/bin/../lib/gcc/avr/5.4.0/../../../../avr/lib/avr5\libm.a(divsf3.o) (__fp_round)
c:/program files/microchip/xc8/v2.46/avr/bin/../lib/gcc/avr/5.4.0/../../../../avr/lib/avr5\libm.a(fp_split3.o)
                              c:/program files/microchip/xc8/v2.46/avr/bin/../lib/gcc/avr/5.4.0/../../../../avr/lib/avr5\libm.a(divsf3x.o) (__fp_split3)
c:/program files/microchip/xc8/v2.46/avr/bin/../lib/gcc/avr/5.4.0/../../../../avr/lib/avr5\libm.a(fp_zero.o)
                              c:/program files/microchip/xc8/v2.46/avr/bin/../lib/gcc/avr/5.4.0/../../../../avr/lib/avr5\libm.a(fixunssfsi.o) (__fp_zero)
c:/program files/microchip/xc8/v2.46/avr/bin/../lib/gcc/avr/5.4.0/../../../../avr/lib/avr5\libm.a(mulsf3.o)
                              build/default/debug/newavr-main.o (__mulsf3)
c:/program files/microchip/xc8/v2.46/avr/bin/../lib/gcc/avr/5.4.0/../../../../avr/lib/avr5\libm.a(mulsf3x.o)
                              c:/program files/microchip/xc8/v2.46/avr/bin/../lib/gcc/avr/5.4.0/../../../../avr/lib/avr5\libm.a(mulsf3.o) (__mulsf3x)
c:/program files/microchip/xc8/v2.46/avr/bin/../lib/gcc/avr/5.4.0/avr5\libgcc.a(_divmodhi4.o)
                              build/default/debug/LCD.o (__divmodhi4)
c:/program files/microchip/xc8/v2.46/avr/bin/../lib/gcc/avr/5.4.0/avr5\libgcc.a(_copy_data.o)
                              build/default/debug/newavr-main.o (__do_copy_data)
c:/program files/microchip/xc8/v2.46/avr/bin/../lib/gcc/avr/5.4.0/avr5\libgcc.a(_udivmodhi4.o)
                              c:/program files/microchip/xc8/v2.46/avr/bin/../lib/gcc/avr/5.4.0/avr5\libgcc.a(_divmodhi4.o) (__udivmodhi4)
c:/program files/microchip/xc8/v2.46/avr/bin/../lib/gcc/avr/5.4.0/../../../../avr/lib/avr5\libc.a(exit.o)
                              C:/Program Files/Microchip/MPLABX/v6.20/packs/Microchip/ATmega_DFP/3.1.264/xc8/avr/lib/avr5/crtatmega32a.o (exit)
c:/program files/microchip/xc8/v2.46/avr/bin/../lib/gcc/avr/5.4.0/../../../../avr/lib/avr5\libc.a(strcmp.o)
                              build/default/debug/check_password.o (strcmp)
c:/program files/microchip/xc8/v2.46/avr/bin/../lib/gcc/avr/5.4.0/../../../../avr/lib/avr5\libc.a(_Exit.o)
                              c:/program files/microchip/xc8/v2.46/avr/bin/../lib/gcc/avr/5.4.0/../../../../avr/lib/avr5\libc.a(exit.o) (_Exit)
c:/program files/microchip/xc8/v2.46/avr/bin/../lib/gcc/avr/5.4.0/avr5\libgcc.a(_exit.o)
                              c:/program files/microchip/xc8/v2.46/avr/bin/../lib/gcc/avr/5.4.0/../../../../avr/lib/avr5\libc.a(_Exit.o) (_exit)

Discarded input sections

 .data          0x0000000000000000        0x0 C:/Program Files/Microchip/MPLABX/v6.20/packs/Microchip/ATmega_DFP/3.1.264/xc8/avr/lib/avr5/crtatmega32a.o
 .bss           0x0000000000000000        0x0 C:/Program Files/Microchip/MPLABX/v6.20/packs/Microchip/ATmega_DFP/3.1.264/xc8/avr/lib/avr5/crtatmega32a.o
 .text          0x0000000000000000        0x0 build/default/debug/newavr-main.o
 .data          0x0000000000000000        0x0 build/default/debug/newavr-main.o
 .bss           0x0000000000000000        0x0 build/default/debug/newavr-main.o
 .text.ADC_INT_EN
                0x0000000000000000        0x4 build/default/debug/newavr-main.o
 .text          0x0000000000000000        0x0 build/default/debug/DIO.o
 .data          0x0000000000000000        0x0 build/default/debug/DIO.o
 .bss           0x0000000000000000        0x0 build/default/debug/DIO.o
 .text.setPORTA_DIR_VAL
                0x0000000000000000       0x20 build/default/debug/DIO.o
 .text.setPORTB_DIR_VAL
                0x0000000000000000       0x20 build/default/debug/DIO.o
 .text.setPORTD_DIR_VAL
                0x0000000000000000       0x20 build/default/debug/DIO.o
 .text.setPINA_DIR
                0x0000000000000000       0x44 build/default/debug/DIO.o
 .text.setPINB_DIR
                0x0000000000000000       0x44 build/default/debug/DIO.o
 .text.setPINC_DIR
                0x0000000000000000       0x44 build/default/debug/DIO.o
 .text.setPORTA_DIR
                0x0000000000000000       0x14 build/default/debug/DIO.o
 .text.setPORTB_DIR
                0x0000000000000000       0x14 build/default/debug/DIO.o
 .text.setPORTC_DIR
                0x0000000000000000       0x14 build/default/debug/DIO.o
 .text.setPORTD_DIR
                0x0000000000000000       0x14 build/default/debug/DIO.o
 .text.setPORTA_VAL
                0x0000000000000000        0x4 build/default/debug/DIO.o
 .text.setPORTB_VAL
                0x0000000000000000        0x4 build/default/debug/DIO.o
 .text.setPORTC_VAL
                0x0000000000000000        0x4 build/default/debug/DIO.o
 .text.setPORTD_VAL
                0x0000000000000000        0x4 build/default/debug/DIO.o
 .text.setPINA  0x0000000000000000       0x42 build/default/debug/DIO.o
 .text.setPINB  0x0000000000000000       0x42 build/default/debug/DIO.o
 .text.setPINC  0x0000000000000000       0x42 build/default/debug/DIO.o
 .text.readPORTA
                0x0000000000000000        0x4 build/default/debug/DIO.o
 .text.readPORTC
                0x0000000000000000        0x4 build/default/debug/DIO.o
 .text.readPORTD
                0x0000000000000000        0x4 build/default/debug/DIO.o
 .text.readPINA
                0x0000000000000000       0x18 build/default/debug/DIO.o
 .text.readPINB
                0x0000000000000000       0x18 build/default/debug/DIO.o
 .text.readPINC
                0x0000000000000000       0x18 build/default/debug/DIO.o
 .text.readPIND
                0x0000000000000000       0x18 build/default/debug/DIO.o
 .text          0x0000000000000000        0x0 build/default/debug/LEDs.o
 .data          0x0000000000000000        0x0 build/default/debug/LEDs.o
 .bss           0x0000000000000000        0x0 build/default/debug/LEDs.o
 .text.initLEDs
                0x0000000000000000       0x1a build/default/debug/LEDs.o
 .text.LED_ON   0x0000000000000000       0x3a build/default/debug/LEDs.o
 .text.LED_OFF  0x0000000000000000       0x3a build/default/debug/LEDs.o
 .debug_info    0x0000000000000000      0x3ea build/default/debug/LEDs.o
 .debug_abbrev  0x0000000000000000       0x92 build/default/debug/LEDs.o
 .debug_loc     0x0000000000000000       0xc4 build/default/debug/LEDs.o
 .debug_aranges
                0x0000000000000000       0x30 build/default/debug/LEDs.o
 .debug_ranges  0x0000000000000000       0x20 build/default/debug/LEDs.o
 .debug_line    0x0000000000000000       0xaf build/default/debug/LEDs.o
 .debug_str     0x0000000000000000       0x1d build/default/debug/LEDs.o
 .comment       0x0000000000000000       0x30 build/default/debug/LEDs.o
 .debug_frame   0x0000000000000000       0x44 build/default/debug/LEDs.o
 .text          0x0000000000000000        0x0 build/default/debug/buttons.o
 .data          0x0000000000000000        0x0 build/default/debug/buttons.o
 .bss           0x0000000000000000        0x0 build/default/debug/buttons.o
 .text.initBTNs
                0x0000000000000000       0x26 build/default/debug/buttons.o
 .text.isPressedA
                0x0000000000000000        0x8 build/default/debug/buttons.o
 .text.isPressedB
                0x0000000000000000        0x8 build/default/debug/buttons.o
 .text.isPressedC
                0x0000000000000000        0x8 build/default/debug/buttons.o
 .text.isPressedD
                0x0000000000000000        0x8 build/default/debug/buttons.o
 .debug_info    0x0000000000000000      0x3ec build/default/debug/buttons.o
 .debug_abbrev  0x0000000000000000       0xa5 build/default/debug/buttons.o
 .debug_loc     0x0000000000000000       0x84 build/default/debug/buttons.o
 .debug_aranges
                0x0000000000000000       0x40 build/default/debug/buttons.o
 .debug_ranges  0x0000000000000000       0x30 build/default/debug/buttons.o
 .debug_line    0x0000000000000000       0xc0 build/default/debug/buttons.o
 .debug_str     0x0000000000000000       0x43 build/default/debug/buttons.o
 .comment       0x0000000000000000       0x30 build/default/debug/buttons.o
 .debug_frame   0x0000000000000000       0x64 build/default/debug/buttons.o
 .text          0x0000000000000000        0x0 build/default/debug/kpad.o
 .data          0x0000000000000000        0x0 build/default/debug/kpad.o
 .bss           0x0000000000000000        0x0 build/default/debug/kpad.o
 .text          0x0000000000000000        0x0 build/default/debug/LCD.o
 .data          0x0000000000000000        0x0 build/default/debug/LCD.o
 .bss           0x0000000000000000        0x0 build/default/debug/LCD.o
 .text          0x0000000000000000        0x0 build/default/debug/LCD4BIT.o
 .data          0x0000000000000000        0x0 build/default/debug/LCD4BIT.o
 .bss           0x0000000000000000        0x0 build/default/debug/LCD4BIT.o
 .text.LCD4_EN  0x0000000000000000       0x24 build/default/debug/LCD4BIT.o
 .text.LCD4_COMMAND
                0x0000000000000000       0x36 build/default/debug/LCD4BIT.o
 .text.LCD4_DATA
                0x0000000000000000       0x36 build/default/debug/LCD4BIT.o
 .text.init_LCD4
                0x0000000000000000       0x5e build/default/debug/LCD4BIT.o
 .text.LCD4_DATA_STR
                0x0000000000000000       0x20 build/default/debug/LCD4BIT.o
 .text.LCD4_DATA_NUMi
                0x0000000000000000       0x3c build/default/debug/LCD4BIT.o
 .text.LCD4_CLEAR4
                0x0000000000000000       0x28 build/default/debug/LCD4BIT.o
 .debug_info    0x0000000000000000      0x7d4 build/default/debug/LCD4BIT.o
 .debug_abbrev  0x0000000000000000      0x1e2 build/default/debug/LCD4BIT.o
 .debug_loc     0x0000000000000000      0x24d build/default/debug/LCD4BIT.o
 .debug_aranges
                0x0000000000000000       0x50 build/default/debug/LCD4BIT.o
 .debug_ranges  0x0000000000000000       0x40 build/default/debug/LCD4BIT.o
 .debug_line    0x0000000000000000      0x21a build/default/debug/LCD4BIT.o
 .debug_str     0x0000000000000000       0x6c build/default/debug/LCD4BIT.o
 .comment       0x0000000000000000       0x30 build/default/debug/LCD4BIT.o
 .debug_frame   0x0000000000000000       0xa0 build/default/debug/LCD4BIT.o
 .text          0x0000000000000000        0x0 build/default/debug/output_devices.o
 .data          0x0000000000000000        0x0 build/default/debug/output_devices.o
 .bss           0x0000000000000000        0x0 build/default/debug/output_devices.o
 .text.setBuzzerDir
                0x0000000000000000        0xe build/default/debug/output_devices.o
 .text.setRelayDir
                0x0000000000000000        0xe build/default/debug/output_devices.o
 .text.setBuzzer_ON
                0x0000000000000000        0xe build/default/debug/output_devices.o
 .text.setBuzzer_OFF
                0x0000000000000000        0xe build/default/debug/output_devices.o
 .text.setRelay_ON
                0x0000000000000000        0xe build/default/debug/output_devices.o
 .text.setRelay_OFF
                0x0000000000000000        0xe build/default/debug/output_devices.o
 .debug_info    0x0000000000000000      0x3c9 build/default/debug/output_devices.o
 .debug_abbrev  0x0000000000000000       0x74 build/default/debug/output_devices.o
 .debug_aranges
                0x0000000000000000       0x48 build/default/debug/output_devices.o
 .debug_ranges  0x0000000000000000       0x38 build/default/debug/output_devices.o
 .debug_line    0x0000000000000000       0xb5 build/default/debug/output_devices.o
 .debug_str     0x0000000000000000        0xc build/default/debug/output_devices.o
 .comment       0x0000000000000000       0x30 build/default/debug/output_devices.o
 .debug_frame   0x0000000000000000       0x74 build/default/debug/output_devices.o
 .text          0x0000000000000000        0x0 build/default/debug/check_password.o
 .data          0x0000000000000000        0x0 build/default/debug/check_password.o
 .bss           0x0000000000000000        0x0 build/default/debug/check_password.o
 .rodata        0x0000000000000000       0x37 build/default/debug/check_password.o
 .text.checkPassword
                0x0000000000000000      0x16e build/default/debug/check_password.o
 .debug_info    0x0000000000000000      0x6ab build/default/debug/check_password.o
 .debug_abbrev  0x0000000000000000      0x13c build/default/debug/check_password.o
 .debug_loc     0x0000000000000000      0x2fd build/default/debug/check_password.o
 .debug_aranges
                0x0000000000000000       0x20 build/default/debug/check_password.o
 .debug_ranges  0x0000000000000000       0x10 build/default/debug/check_password.o
 .debug_line    0x0000000000000000      0x20d build/default/debug/check_password.o
 .debug_str     0x0000000000000000       0x20 build/default/debug/check_password.o
 .comment       0x0000000000000000       0x30 build/default/debug/check_password.o
 .debug_frame   0x0000000000000000       0x54 build/default/debug/check_password.o
 .text          0x0000000000000000        0x0 build/default/debug/myINT0.o
 .data          0x0000000000000000        0x0 build/default/debug/myINT0.o
 .bss           0x0000000000000000        0x0 build/default/debug/myINT0.o
 .text.INT0_selectMode
                0x0000000000000000       0x3c build/default/debug/myINT0.o
 .text.init_INT0
                0x0000000000000000        0xc build/default/debug/myINT0.o
 .text.INT0_DISABLE
                0x0000000000000000        0x8 build/default/debug/myINT0.o
 .text.INT0_changeMode
                0x0000000000000000       0x12 build/default/debug/myINT0.o
 .debug_info    0x0000000000000000      0x321 build/default/debug/myINT0.o
 .debug_abbrev  0x0000000000000000       0xab build/default/debug/myINT0.o
 .debug_loc     0x0000000000000000       0xae build/default/debug/myINT0.o
 .debug_aranges
                0x0000000000000000       0x38 build/default/debug/myINT0.o
 .debug_ranges  0x0000000000000000       0x28 build/default/debug/myINT0.o
 .debug_line    0x0000000000000000      0x106 build/default/debug/myINT0.o
 .debug_str     0x0000000000000000        0x9 build/default/debug/myINT0.o
 .comment       0x0000000000000000       0x30 build/default/debug/myINT0.o
 .debug_frame   0x0000000000000000       0x54 build/default/debug/myINT0.o
 .text          0x0000000000000000        0x0 build/default/debug/myINT1.o
 .data          0x0000000000000000        0x0 build/default/debug/myINT1.o
 .bss           0x0000000000000000        0x0 build/default/debug/myINT1.o
 .text.INT1_selectMode
                0x0000000000000000       0x3c build/default/debug/myINT1.o
 .text.init_INT1
                0x0000000000000000        0xc build/default/debug/myINT1.o
 .text.INT1_DISABLE
                0x0000000000000000        0x8 build/default/debug/myINT1.o
 .text.INT1_changeMode
                0x0000000000000000       0x12 build/default/debug/myINT1.o
 .debug_info    0x0000000000000000      0x321 build/default/debug/myINT1.o
 .debug_abbrev  0x0000000000000000       0xab build/default/debug/myINT1.o
 .debug_loc     0x0000000000000000       0xae build/default/debug/myINT1.o
 .debug_aranges
                0x0000000000000000       0x38 build/default/debug/myINT1.o
 .debug_ranges  0x0000000000000000       0x28 build/default/debug/myINT1.o
 .debug_line    0x0000000000000000      0x106 build/default/debug/myINT1.o
 .debug_str     0x0000000000000000        0x9 build/default/debug/myINT1.o
 .comment       0x0000000000000000       0x30 build/default/debug/myINT1.o
 .debug_frame   0x0000000000000000       0x54 build/default/debug/myINT1.o
 .text          0x0000000000000000        0x0 build/default/debug/myINT2.o
 .data          0x0000000000000000        0x0 build/default/debug/myINT2.o
 .bss           0x0000000000000000        0x0 build/default/debug/myINT2.o
 .text.INT2_selectMode
                0x0000000000000000       0x1e build/default/debug/myINT2.o
 .text.init_INT2
                0x0000000000000000        0xc build/default/debug/myINT2.o
 .text.INT2_DISABLE
                0x0000000000000000        0x8 build/default/debug/myINT2.o
 .text.INT2_changeMode
                0x0000000000000000       0x18 build/default/debug/myINT2.o
 .debug_info    0x0000000000000000      0x321 build/default/debug/myINT2.o
 .debug_abbrev  0x0000000000000000       0xab build/default/debug/myINT2.o
 .debug_loc     0x0000000000000000       0x7c build/default/debug/myINT2.o
 .debug_aranges
                0x0000000000000000       0x38 build/default/debug/myINT2.o
 .debug_ranges  0x0000000000000000       0x28 build/default/debug/myINT2.o
 .debug_line    0x0000000000000000       0xf4 build/default/debug/myINT2.o
 .debug_str     0x0000000000000000        0x9 build/default/debug/myINT2.o
 .comment       0x0000000000000000       0x30 build/default/debug/myINT2.o
 .debug_frame   0x0000000000000000       0x54 build/default/debug/myINT2.o
 .data          0x0000000000000000        0x0 c:/program files/microchip/xc8/v2.46/avr/bin/../lib/gcc/avr/5.4.0/../../../../avr/lib/avr5\libm.a(divsf3.o)
 .bss           0x0000000000000000        0x0 c:/program files/microchip/xc8/v2.46/avr/bin/../lib/gcc/avr/5.4.0/../../../../avr/lib/avr5\libm.a(divsf3.o)
 .stack.descriptors
                0x0000000000000000       0x16 c:/program files/microchip/xc8/v2.46/avr/bin/../lib/gcc/avr/5.4.0/../../../../avr/lib/avr5\libm.a(divsf3.o)
 .data          0x0000000000000000        0x0 c:/program files/microchip/xc8/v2.46/avr/bin/../lib/gcc/avr/5.4.0/../../../../avr/lib/avr5\libm.a(divsf3x.o)
 .bss           0x0000000000000000        0x0 c:/program files/microchip/xc8/v2.46/avr/bin/../lib/gcc/avr/5.4.0/../../../../avr/lib/avr5\libm.a(divsf3x.o)
 .stack.descriptors
                0x0000000000000000       0x31 c:/program files/microchip/xc8/v2.46/avr/bin/../lib/gcc/avr/5.4.0/../../../../avr/lib/avr5\libm.a(divsf3x.o)
 .data          0x0000000000000000        0x0 c:/program files/microchip/xc8/v2.46/avr/bin/../lib/gcc/avr/5.4.0/../../../../avr/lib/avr5\libm.a(fixsfsi.o)
 .bss           0x0000000000000000        0x0 c:/program files/microchip/xc8/v2.46/avr/bin/../lib/gcc/avr/5.4.0/../../../../avr/lib/avr5\libm.a(fixsfsi.o)
 .stack.descriptors
                0x0000000000000000       0x17 c:/program files/microchip/xc8/v2.46/avr/bin/../lib/gcc/avr/5.4.0/../../../../avr/lib/avr5\libm.a(fixsfsi.o)
 .data          0x0000000000000000        0x0 c:/program files/microchip/xc8/v2.46/avr/bin/../lib/gcc/avr/5.4.0/../../../../avr/lib/avr5\libm.a(fixunssfsi.o)
 .bss           0x0000000000000000        0x0 c:/program files/microchip/xc8/v2.46/avr/bin/../lib/gcc/avr/5.4.0/../../../../avr/lib/avr5\libm.a(fixunssfsi.o)
 .stack.descriptors
                0x0000000000000000       0x1a c:/program files/microchip/xc8/v2.46/avr/bin/../lib/gcc/avr/5.4.0/../../../../avr/lib/avr5\libm.a(fixunssfsi.o)
 .data          0x0000000000000000        0x0 c:/program files/microchip/xc8/v2.46/avr/bin/../lib/gcc/avr/5.4.0/../../../../avr/lib/avr5\libm.a(floatsisf.o)
 .bss           0x0000000000000000        0x0 c:/program files/microchip/xc8/v2.46/avr/bin/../lib/gcc/avr/5.4.0/../../../../avr/lib/avr5\libm.a(floatsisf.o)
 .stack.descriptors
                0x0000000000000000       0x34 c:/program files/microchip/xc8/v2.46/avr/bin/../lib/gcc/avr/5.4.0/../../../../avr/lib/avr5\libm.a(floatsisf.o)
 .data          0x0000000000000000        0x0 c:/program files/microchip/xc8/v2.46/avr/bin/../lib/gcc/avr/5.4.0/../../../../avr/lib/avr5\libm.a(fp_inf.o)
 .bss           0x0000000000000000        0x0 c:/program files/microchip/xc8/v2.46/avr/bin/../lib/gcc/avr/5.4.0/../../../../avr/lib/avr5\libm.a(fp_inf.o)
 .stack.descriptors
                0x0000000000000000       0x16 c:/program files/microchip/xc8/v2.46/avr/bin/../lib/gcc/avr/5.4.0/../../../../avr/lib/avr5\libm.a(fp_inf.o)
 .data          0x0000000000000000        0x0 c:/program files/microchip/xc8/v2.46/avr/bin/../lib/gcc/avr/5.4.0/../../../../avr/lib/avr5\libm.a(fp_nan.o)
 .bss           0x0000000000000000        0x0 c:/program files/microchip/xc8/v2.46/avr/bin/../lib/gcc/avr/5.4.0/../../../../avr/lib/avr5\libm.a(fp_nan.o)
 .stack.descriptors
                0x0000000000000000       0x16 c:/program files/microchip/xc8/v2.46/avr/bin/../lib/gcc/avr/5.4.0/../../../../avr/lib/avr5\libm.a(fp_nan.o)
 .data          0x0000000000000000        0x0 c:/program files/microchip/xc8/v2.46/avr/bin/../lib/gcc/avr/5.4.0/../../../../avr/lib/avr5\libm.a(fp_pscA.o)
 .bss           0x0000000000000000        0x0 c:/program files/microchip/xc8/v2.46/avr/bin/../lib/gcc/avr/5.4.0/../../../../avr/lib/avr5\libm.a(fp_pscA.o)
 .stack.descriptors
                0x0000000000000000       0x17 c:/program files/microchip/xc8/v2.46/avr/bin/../lib/gcc/avr/5.4.0/../../../../avr/lib/avr5\libm.a(fp_pscA.o)
 .data          0x0000000000000000        0x0 c:/program files/microchip/xc8/v2.46/avr/bin/../lib/gcc/avr/5.4.0/../../../../avr/lib/avr5\libm.a(fp_pscB.o)
 .bss           0x0000000000000000        0x0 c:/program files/microchip/xc8/v2.46/avr/bin/../lib/gcc/avr/5.4.0/../../../../avr/lib/avr5\libm.a(fp_pscB.o)
 .stack.descriptors
                0x0000000000000000       0x17 c:/program files/microchip/xc8/v2.46/avr/bin/../lib/gcc/avr/5.4.0/../../../../avr/lib/avr5\libm.a(fp_pscB.o)
 .data          0x0000000000000000        0x0 c:/program files/microchip/xc8/v2.46/avr/bin/../lib/gcc/avr/5.4.0/../../../../avr/lib/avr5\libm.a(fp_round.o)
 .bss           0x0000000000000000        0x0 c:/program files/microchip/xc8/v2.46/avr/bin/../lib/gcc/avr/5.4.0/../../../../avr/lib/avr5\libm.a(fp_round.o)
 .stack.descriptors
                0x0000000000000000       0x18 c:/program files/microchip/xc8/v2.46/avr/bin/../lib/gcc/avr/5.4.0/../../../../avr/lib/avr5\libm.a(fp_round.o)
 .data          0x0000000000000000        0x0 c:/program files/microchip/xc8/v2.46/avr/bin/../lib/gcc/avr/5.4.0/../../../../avr/lib/avr5\libm.a(fp_split3.o)
 .bss           0x0000000000000000        0x0 c:/program files/microchip/xc8/v2.46/avr/bin/../lib/gcc/avr/5.4.0/../../../../avr/lib/avr5\libm.a(fp_split3.o)
 .stack.descriptors
                0x0000000000000000       0x32 c:/program files/microchip/xc8/v2.46/avr/bin/../lib/gcc/avr/5.4.0/../../../../avr/lib/avr5\libm.a(fp_split3.o)
 .data          0x0000000000000000        0x0 c:/program files/microchip/xc8/v2.46/avr/bin/../lib/gcc/avr/5.4.0/../../../../avr/lib/avr5\libm.a(fp_zero.o)
 .bss           0x0000000000000000        0x0 c:/program files/microchip/xc8/v2.46/avr/bin/../lib/gcc/avr/5.4.0/../../../../avr/lib/avr5\libm.a(fp_zero.o)
 .stack.descriptors
                0x0000000000000000       0x2f c:/program files/microchip/xc8/v2.46/avr/bin/../lib/gcc/avr/5.4.0/../../../../avr/lib/avr5\libm.a(fp_zero.o)
 .data          0x0000000000000000        0x0 c:/program files/microchip/xc8/v2.46/avr/bin/../lib/gcc/avr/5.4.0/../../../../avr/lib/avr5\libm.a(mulsf3.o)
 .bss           0x0000000000000000        0x0 c:/program files/microchip/xc8/v2.46/avr/bin/../lib/gcc/avr/5.4.0/../../../../avr/lib/avr5\libm.a(mulsf3.o)
 .stack.descriptors
                0x0000000000000000       0x16 c:/program files/microchip/xc8/v2.46/avr/bin/../lib/gcc/avr/5.4.0/../../../../avr/lib/avr5\libm.a(mulsf3.o)
 .data          0x0000000000000000        0x0 c:/program files/microchip/xc8/v2.46/avr/bin/../lib/gcc/avr/5.4.0/../../../../avr/lib/avr5\libm.a(mulsf3x.o)
 .bss           0x0000000000000000        0x0 c:/program files/microchip/xc8/v2.46/avr/bin/../lib/gcc/avr/5.4.0/../../../../avr/lib/avr5\libm.a(mulsf3x.o)
 .stack.descriptors
                0x0000000000000000       0x31 c:/program files/microchip/xc8/v2.46/avr/bin/../lib/gcc/avr/5.4.0/../../../../avr/lib/avr5\libm.a(mulsf3x.o)
 .text          0x0000000000000000        0x0 c:/program files/microchip/xc8/v2.46/avr/bin/../lib/gcc/avr/5.4.0/avr5\libgcc.a(_divmodhi4.o)
 .data          0x0000000000000000        0x0 c:/program files/microchip/xc8/v2.46/avr/bin/../lib/gcc/avr/5.4.0/avr5\libgcc.a(_divmodhi4.o)
 .bss           0x0000000000000000        0x0 c:/program files/microchip/xc8/v2.46/avr/bin/../lib/gcc/avr/5.4.0/avr5\libgcc.a(_divmodhi4.o)
 .text.libgcc.mul
                0x0000000000000000        0x0 c:/program files/microchip/xc8/v2.46/avr/bin/../lib/gcc/avr/5.4.0/avr5\libgcc.a(_divmodhi4.o)
 .stack.descriptors
                0x0000000000000000       0x19 c:/program files/microchip/xc8/v2.46/avr/bin/../lib/gcc/avr/5.4.0/avr5\libgcc.a(_divmodhi4.o)
 .text.libgcc   0x0000000000000000        0x0 c:/program files/microchip/xc8/v2.46/avr/bin/../lib/gcc/avr/5.4.0/avr5\libgcc.a(_divmodhi4.o)
 .text.libgcc.prologue
                0x0000000000000000        0x0 c:/program files/microchip/xc8/v2.46/avr/bin/../lib/gcc/avr/5.4.0/avr5\libgcc.a(_divmodhi4.o)
 .text.libgcc.builtins
                0x0000000000000000        0x0 c:/program files/microchip/xc8/v2.46/avr/bin/../lib/gcc/avr/5.4.0/avr5\libgcc.a(_divmodhi4.o)
 .text.libgcc.fmul
                0x0000000000000000        0x0 c:/program files/microchip/xc8/v2.46/avr/bin/../lib/gcc/avr/5.4.0/avr5\libgcc.a(_divmodhi4.o)
 .text.libgcc.fixed
                0x0000000000000000        0x0 c:/program files/microchip/xc8/v2.46/avr/bin/../lib/gcc/avr/5.4.0/avr5\libgcc.a(_divmodhi4.o)
 .text          0x0000000000000000        0x0 c:/program files/microchip/xc8/v2.46/avr/bin/../lib/gcc/avr/5.4.0/avr5\libgcc.a(_copy_data.o)
 .data          0x0000000000000000        0x0 c:/program files/microchip/xc8/v2.46/avr/bin/../lib/gcc/avr/5.4.0/avr5\libgcc.a(_copy_data.o)
 .bss           0x0000000000000000        0x0 c:/program files/microchip/xc8/v2.46/avr/bin/../lib/gcc/avr/5.4.0/avr5\libgcc.a(_copy_data.o)
 .text.libgcc.mul
                0x0000000000000000        0x0 c:/program files/microchip/xc8/v2.46/avr/bin/../lib/gcc/avr/5.4.0/avr5\libgcc.a(_copy_data.o)
 .text.libgcc.div
                0x0000000000000000        0x0 c:/program files/microchip/xc8/v2.46/avr/bin/../lib/gcc/avr/5.4.0/avr5\libgcc.a(_copy_data.o)
 .text.libgcc   0x0000000000000000        0x0 c:/program files/microchip/xc8/v2.46/avr/bin/../lib/gcc/avr/5.4.0/avr5\libgcc.a(_copy_data.o)
 .text.libgcc.prologue
                0x0000000000000000        0x0 c:/program files/microchip/xc8/v2.46/avr/bin/../lib/gcc/avr/5.4.0/avr5\libgcc.a(_copy_data.o)
 .text.libgcc.builtins
                0x0000000000000000        0x0 c:/program files/microchip/xc8/v2.46/avr/bin/../lib/gcc/avr/5.4.0/avr5\libgcc.a(_copy_data.o)
 .text.libgcc.fmul
                0x0000000000000000        0x0 c:/program files/microchip/xc8/v2.46/avr/bin/../lib/gcc/avr/5.4.0/avr5\libgcc.a(_copy_data.o)
 .text.libgcc.fixed
                0x0000000000000000        0x0 c:/program files/microchip/xc8/v2.46/avr/bin/../lib/gcc/avr/5.4.0/avr5\libgcc.a(_copy_data.o)
 .text          0x0000000000000000        0x0 c:/program files/microchip/xc8/v2.46/avr/bin/../lib/gcc/avr/5.4.0/avr5\libgcc.a(_udivmodhi4.o)
 .data          0x0000000000000000        0x0 c:/program files/microchip/xc8/v2.46/avr/bin/../lib/gcc/avr/5.4.0/avr5\libgcc.a(_udivmodhi4.o)
 .bss           0x0000000000000000        0x0 c:/program files/microchip/xc8/v2.46/avr/bin/../lib/gcc/avr/5.4.0/avr5\libgcc.a(_udivmodhi4.o)
 .text.libgcc.mul
                0x0000000000000000        0x0 c:/program files/microchip/xc8/v2.46/avr/bin/../lib/gcc/avr/5.4.0/avr5\libgcc.a(_udivmodhi4.o)
 .stack.descriptors
                0x0000000000000000       0x1a c:/program files/microchip/xc8/v2.46/avr/bin/../lib/gcc/avr/5.4.0/avr5\libgcc.a(_udivmodhi4.o)
 .text.libgcc   0x0000000000000000        0x0 c:/program files/microchip/xc8/v2.46/avr/bin/../lib/gcc/avr/5.4.0/avr5\libgcc.a(_udivmodhi4.o)
 .text.libgcc.prologue
                0x0000000000000000        0x0 c:/program files/microchip/xc8/v2.46/avr/bin/../lib/gcc/avr/5.4.0/avr5\libgcc.a(_udivmodhi4.o)
 .text.libgcc.builtins
                0x0000000000000000        0x0 c:/program files/microchip/xc8/v2.46/avr/bin/../lib/gcc/avr/5.4.0/avr5\libgcc.a(_udivmodhi4.o)
 .text.libgcc.fmul
                0x0000000000000000        0x0 c:/program files/microchip/xc8/v2.46/avr/bin/../lib/gcc/avr/5.4.0/avr5\libgcc.a(_udivmodhi4.o)
 .text.libgcc.fixed
                0x0000000000000000        0x0 c:/program files/microchip/xc8/v2.46/avr/bin/../lib/gcc/avr/5.4.0/avr5\libgcc.a(_udivmodhi4.o)
 .text          0x0000000000000000        0x0 c:/program files/microchip/xc8/v2.46/avr/bin/../lib/gcc/avr/5.4.0/../../../../avr/lib/avr5\libc.a(exit.o)
 .data          0x0000000000000000        0x0 c:/program files/microchip/xc8/v2.46/avr/bin/../lib/gcc/avr/5.4.0/../../../../avr/lib/avr5\libc.a(exit.o)
 .bss           0x0000000000000000        0x0 c:/program files/microchip/xc8/v2.46/avr/bin/../lib/gcc/avr/5.4.0/../../../../avr/lib/avr5\libc.a(exit.o)
 .stack.descriptors
                0x0000000000000000       0x73 c:/program files/microchip/xc8/v2.46/avr/bin/../lib/gcc/avr/5.4.0/../../../../avr/lib/avr5\libc.a(exit.o)
 .text          0x0000000000000000        0x0 c:/program files/microchip/xc8/v2.46/avr/bin/../lib/gcc/avr/5.4.0/../../../../avr/lib/avr5\libc.a(strcmp.o)
 .data          0x0000000000000000        0x0 c:/program files/microchip/xc8/v2.46/avr/bin/../lib/gcc/avr/5.4.0/../../../../avr/lib/avr5\libc.a(strcmp.o)
 .bss           0x0000000000000000        0x0 c:/program files/microchip/xc8/v2.46/avr/bin/../lib/gcc/avr/5.4.0/../../../../avr/lib/avr5\libc.a(strcmp.o)
 .stack.descriptors
                0x0000000000000000       0x14 c:/program files/microchip/xc8/v2.46/avr/bin/../lib/gcc/avr/5.4.0/../../../../avr/lib/avr5\libc.a(strcmp.o)
 .text.strcmp   0x0000000000000000       0x1c c:/program files/microchip/xc8/v2.46/avr/bin/../lib/gcc/avr/5.4.0/../../../../avr/lib/avr5\libc.a(strcmp.o)
 .comment       0x0000000000000000       0x2d c:/program files/microchip/xc8/v2.46/avr/bin/../lib/gcc/avr/5.4.0/../../../../avr/lib/avr5\libc.a(strcmp.o)
 .stack.descriptors.hdr
                0x0000000000000000        0xe c:/program files/microchip/xc8/v2.46/avr/bin/../lib/gcc/avr/5.4.0/../../../../avr/lib/avr5\libc.a(strcmp.o)
 .note.GNU-stack
                0x0000000000000000        0x0 c:/program files/microchip/xc8/v2.46/avr/bin/../lib/gcc/avr/5.4.0/../../../../avr/lib/avr5\libc.a(strcmp.o)
 .text          0x0000000000000000        0x0 c:/program files/microchip/xc8/v2.46/avr/bin/../lib/gcc/avr/5.4.0/../../../../avr/lib/avr5\libc.a(_Exit.o)
 .data          0x0000000000000000        0x0 c:/program files/microchip/xc8/v2.46/avr/bin/../lib/gcc/avr/5.4.0/../../../../avr/lib/avr5\libc.a(_Exit.o)
 .bss           0x0000000000000000        0x0 c:/program files/microchip/xc8/v2.46/avr/bin/../lib/gcc/avr/5.4.0/../../../../avr/lib/avr5\libc.a(_Exit.o)
 .stack.descriptors
                0x0000000000000000       0x13 c:/program files/microchip/xc8/v2.46/avr/bin/../lib/gcc/avr/5.4.0/../../../../avr/lib/avr5\libc.a(_Exit.o)
 .text          0x0000000000000000        0x0 c:/program files/microchip/xc8/v2.46/avr/bin/../lib/gcc/avr/5.4.0/avr5\libgcc.a(_exit.o)
 .data          0x0000000000000000        0x0 c:/program files/microchip/xc8/v2.46/avr/bin/../lib/gcc/avr/5.4.0/avr5\libgcc.a(_exit.o)
 .bss           0x0000000000000000        0x0 c:/program files/microchip/xc8/v2.46/avr/bin/../lib/gcc/avr/5.4.0/avr5\libgcc.a(_exit.o)
 .text.libgcc.mul
                0x0000000000000000        0x0 c:/program files/microchip/xc8/v2.46/avr/bin/../lib/gcc/avr/5.4.0/avr5\libgcc.a(_exit.o)
 .text.libgcc.div
                0x0000000000000000        0x0 c:/program files/microchip/xc8/v2.46/avr/bin/../lib/gcc/avr/5.4.0/avr5\libgcc.a(_exit.o)
 .text.libgcc   0x0000000000000000        0x0 c:/program files/microchip/xc8/v2.46/avr/bin/../lib/gcc/avr/5.4.0/avr5\libgcc.a(_exit.o)
 .text.libgcc.prologue
                0x0000000000000000        0x0 c:/program files/microchip/xc8/v2.46/avr/bin/../lib/gcc/avr/5.4.0/avr5\libgcc.a(_exit.o)
 .stack.descriptors
                0x0000000000000000       0x13 c:/program files/microchip/xc8/v2.46/avr/bin/../lib/gcc/avr/5.4.0/avr5\libgcc.a(_exit.o)
 .text.libgcc.builtins
                0x0000000000000000        0x0 c:/program files/microchip/xc8/v2.46/avr/bin/../lib/gcc/avr/5.4.0/avr5\libgcc.a(_exit.o)
 .text.libgcc.fmul
                0x0000000000000000        0x0 c:/program files/microchip/xc8/v2.46/avr/bin/../lib/gcc/avr/5.4.0/avr5\libgcc.a(_exit.o)
 .text.libgcc.fixed
                0x0000000000000000        0x0 c:/program files/microchip/xc8/v2.46/avr/bin/../lib/gcc/avr/5.4.0/avr5\libgcc.a(_exit.o)

Memory Configuration

Name             Origin             Length             Attributes
text             0x0000000000000000 0x0000000000008000 xr
data             0x0000000000800060 0x0000000000000800 rw !x
eeprom           0x0000000000810000 0x0000000000000400 rw !x
fuse             0x0000000000820000 0x0000000000000002 rw !x
lock             0x0000000000830000 0x0000000000000400 rw !x
signature        0x0000000000840000 0x0000000000000400 rw !x
user_signatures  0x0000000000850000 0x0000000000000400 rw !x
bootrow          0x0000000000860000 0x0000000000000400 rw !x
*default*        0x0000000000000000 0xffffffffffffffff

Linker script and memory map

LOAD C:/Program Files/Microchip/MPLABX/v6.20/packs/Microchip/ATmega_DFP/3.1.264/xc8/avr/lib/avr5/crtatmega32a.o
                0x0000000000000001                __MPLAB_BUILD = 0x1
LOAD build/default/debug/newavr-main.o
LOAD build/default/debug/DIO.o
LOAD build/default/debug/LEDs.o
LOAD build/default/debug/buttons.o
LOAD build/default/debug/kpad.o
LOAD build/default/debug/LCD.o
LOAD build/default/debug/LCD4BIT.o
LOAD build/default/debug/output_devices.o
LOAD build/default/debug/check_password.o
LOAD build/default/debug/myINT0.o
LOAD build/default/debug/myINT1.o
LOAD build/default/debug/myINT2.o
START GROUP
LOAD c:/program files/microchip/xc8/v2.46/avr/bin/../lib/gcc/avr/5.4.0/../../../../avr/lib/avr5\libm.a
END GROUP
                0x0000000000000001                __MPLAB_DEBUG = 0x1
                0x0000000000000001                __DEBUG = 0x1
START GROUP
LOAD c:/program files/microchip/xc8/v2.46/avr/bin/../lib/gcc/avr/5.4.0/avr5\libgcc.a
LOAD c:/program files/microchip/xc8/v2.46/avr/bin/../lib/gcc/avr/5.4.0/../../../../avr/lib/avr5\libm.a
LOAD c:/program files/microchip/xc8/v2.46/avr/bin/../lib/gcc/avr/5.4.0/../../../../avr/lib/avr5\libc.a
LOAD C:/Program Files/Microchip/MPLABX/v6.20/packs/Microchip/ATmega_DFP/3.1.264/xc8/avr/lib/avr5\libatmega32a.a
END GROUP
                [0x0000000000000000]                __TEXT_REGION_ORIGIN__ = DEFINED (__TEXT_REGION_ORIGIN__)?__TEXT_REGION_ORIGIN__:0x0
                [0x0000000000800060]                __DATA_REGION_ORIGIN__ = DEFINED (__DATA_REGION_ORIGIN__)?__DATA_REGION_ORIGIN__:0x800060
                [0x0000000000008000]                __TEXT_REGION_LENGTH__ = DEFINED (__TEXT_REGION_LENGTH__)?__TEXT_REGION_LENGTH__:0x20000
                [0x0000000000000800]                __DATA_REGION_LENGTH__ = DEFINED (__DATA_REGION_LENGTH__)?__DATA_REGION_LENGTH__:0xffa0
                [0x0000000000000400]                __EEPROM_REGION_LENGTH__ = DEFINED (__EEPROM_REGION_LENGTH__)?__EEPROM_REGION_LENGTH__:0x10000
                [0x0000000000000002]                __FUSE_REGION_LENGTH__ = DEFINED (__FUSE_REGION_LENGTH__)?__FUSE_REGION_LENGTH__:0x400
                0x0000000000000400                __LOCK_REGION_LENGTH__ = DEFINED (__LOCK_REGION_LENGTH__)?__LOCK_REGION_LENGTH__:0x400
                0x0000000000000400                __SIGNATURE_REGION_LENGTH__ = DEFINED (__SIGNATURE_REGION_LENGTH__)?__SIGNATURE_REGION_LENGTH__:0x400
                0x0000000000000400                __USER_SIGNATURE_REGION_LENGTH__ = DEFINED (__USER_SIGNATURE_REGION_LENGTH__)?__USER_SIGNATURE_REGION_LENGTH__:0x400
                0x0000000000000400                __BOOTROW_REGION_LENGTH__ = DEFINED (__BOOTROW_REGION_LENGTH__)?__BOOTROW_REGION_LENGTH__:0x400

.hash
 *(.hash)

.dynsym
 *(.dynsym)

.dynstr
 *(.dynstr)

.gnu.version
 *(.gnu.version)

.gnu.version_d
 *(.gnu.version_d)

.gnu.version_r
 *(.gnu.version_r)

.rel.init
 *(.rel.init)

.rela.init
 *(.rela.init)

.rel.text
 *(.rel.text)
 *(.rel.text.*)
 *(.rel.gnu.linkonce.t*)

.rela.text
 *(.rela.text)
 *(.rela.text.*)
 *(.rela.gnu.linkonce.t*)

.rel.fini
 *(.rel.fini)

.rela.fini
 *(.rela.fini)

.rel.rodata
 *(.rel.rodata)
 *(.rel.rodata.*)
 *(.rel.gnu.linkonce.r*)

.rela.rodata
 *(.rela.rodata)
 *(.rela.rodata.*)
 *(.rela.gnu.linkonce.r*)

.rel.data
 *(.rel.data)
 *(.rel.data.*)
 *(.rel.gnu.linkonce.d*)

.rela.data
 *(.rela.data)
 *(.rela.data.*)
 *(.rela.gnu.linkonce.d*)

.rel.ctors
 *(.rel.ctors)

.rela.ctors
 *(.rela.ctors)

.rel.dtors
 *(.rel.dtors)

.rela.dtors
 *(.rela.dtors)

.rel.got
 *(.rel.got)

.rela.got
 *(.rela.got)

.rel.bss
 *(.rel.bss)

.rela.bss
 *(.rela.bss)

.rel.plt
 *(.rel.plt)

.rela.plt
 *(.rela.plt)

.text           0x0000000000000000       0xb0
 *(.vectors)
 .vectors       0x0000000000000000       0x54 C:/Program Files/Microchip/MPLABX/v6.20/packs/Microchip/ATmega_DFP/3.1.264/xc8/avr/lib/avr5/crtatmega32a.o
                0x0000000000000000                __vector_default
                0x0000000000000000                __vectors
 *(.vectors)
 *(.progmem.gcc*)
 *(.dinit)
 .dinit         0x0000000000000054        0x7 data_init
                0x000000000000005c                . = ALIGN (0x2)
 *fill*         0x000000000000005b        0x1 
                0x000000000000005c                __trampolines_start = .
 *(.trampolines)
 .trampolines   0x000000000000005c        0x0 linker stubs
 *(.trampolines*)
                0x000000000000005c                __trampolines_end = .
 *libprintf_flt.a:*(.progmem.data)
 *libc.a:*(.progmem.data)
                0x000000000000005c                . = ALIGN (0x2)
 *(.jumptables)
 *(.jumptables*)
 *(.lowtext)
 *(.lowtext*)
                0x000000000000005c                __ctors_start = .
 *(.ctors)
                0x000000000000005c                __ctors_end = .
                0x000000000000005c                __dtors_start = .
 *(.dtors)
                0x000000000000005c                __dtors_end = .
 SORT(*)(.ctors)
 SORT(*)(.dtors)
 *(.init0)
 .init0         0x000000000000005c        0x0 C:/Program Files/Microchip/MPLABX/v6.20/packs/Microchip/ATmega_DFP/3.1.264/xc8/avr/lib/avr5/crtatmega32a.o
                0x000000000000005c                __init
 *(.init0)
 *(.init1)
 *(.init1)
 *(.init2)
 .init2         0x000000000000005c        0xc C:/Program Files/Microchip/MPLABX/v6.20/packs/Microchip/ATmega_DFP/3.1.264/xc8/avr/lib/avr5/crtatmega32a.o
 *(.init2)
 *(.init3)
 *(.init3)
 *(.init4)
 .init4         0x0000000000000068       0x3c c:/program files/microchip/xc8/v2.46/avr/bin/../lib/gcc/avr/5.4.0/avr5\libgcc.a(_copy_data.o)
                0x0000000000000068                __do_copy_data
                0x0000000000000096                __do_clear_bss
 *(.init4)
 *(.init5)
 *(.init5)
 *(.init6)
 *(.init6)
 *(.init7)
 *(.init7)
 *(.init8)
 *(.init8)
 *(.init9)
 .init9         0x00000000000000a4        0x8 C:/Program Files/Microchip/MPLABX/v6.20/packs/Microchip/ATmega_DFP/3.1.264/xc8/avr/lib/avr5/crtatmega32a.o
 *(.init9)
                0x00000000000000ac                . = ALIGN (0x2)
 *(.fini9)
 .fini9         0x00000000000000ac        0x0 c:/program files/microchip/xc8/v2.46/avr/bin/../lib/gcc/avr/5.4.0/avr5\libgcc.a(_exit.o)
                0x00000000000000ac                _exit
 *(.fini9)
 *(.fini8)
 *(.fini8)
 *(.fini7)
 *(.fini7)
 *(.fini6)
 *(.fini6)
 *(.fini5)
 *(.fini5)
 *(.fini4)
 *(.fini4)
 *(.fini3)
 *(.fini3)
 *(.fini2)
 *(.fini2)
 *(.fini1)
 *(.fini1)
 *(.fini0)
 .fini0         0x00000000000000ac        0x4 c:/program files/microchip/xc8/v2.46/avr/bin/../lib/gcc/avr/5.4.0/avr5\libgcc.a(_exit.o)
 *(.fini0)
                0x00000000000000b0                _etext = .

.data           0x0000000000800060        0x0 load address 0x00000000000000b0
                [!provide]                        PROVIDE (__data_start, .)
 *(.gnu.linkonce.d*)
 *(.gnu.linkonce.r*)
                0x0000000000800060                . = ALIGN (0x2)
 *fill*         0x0000000000800060        0x0 
                0x0000000000800060                _edata = .
                [!provide]                        PROVIDE (__data_end, .)

.bss            0x0000000000800060        0x0
                [!provide]                        PROVIDE (__bss_start, .)
 *(COMMON)
                [!provide]                        PROVIDE (__bss_end, .)
                0x00000000000000b0                __data_load_start = LOADADDR (.data)
                0x00000000000000b0                __data_load_end = (__data_load_start + SIZEOF (.data))

.noinit         0x0000000000800060        0x0
                [!provide]                        PROVIDE (__noinit_start, .)
 *(.noinit*)
                [!provide]                        PROVIDE (__noinit_end, .)
                0x0000000000800060                _end = .

.eeprom         0x0000000000810000        0x0
 *(.eeprom*)
                0x0000000000810000                __eeprom_end = .

.fuse
 *(.fuse)
 *(.lfuse)
 *(.hfuse)
 *(.efuse)

.lock
 *(.lock*)

.signature
 *(.signature*)

.user_signatures
 *(.user_signatures*)

.bootrow
 *(.bootrow*)

.stab
 *(.stab)

.stabstr
 *(.stabstr)

.stab.excl
 *(.stab.excl)

.stab.exclstr
 *(.stab.exclstr)

.stab.index
 *(.stab.index)

.stab.indexstr
 *(.stab.indexstr)

.comment        0x0000000000000000       0x5b
 *(.comment)
 .comment       0x0000000000000000       0x2f build/default/debug/newavr-main.o
                                         0x30 (size before relaxing)
 .comment       0x000000000000002f       0x30 build/default/debug/DIO.o
 .comment       0x000000000000002f       0x30 build/default/debug/kpad.o
 .comment       0x000000000000002f       0x30 build/default/debug/LCD.o
 .comment       0x000000000000002f       0x2c c:/program files/microchip/xc8/v2.46/avr/bin/../lib/gcc/avr/5.4.0/../../../../avr/lib/avr5\libc.a(exit.o)
                                         0x2d (size before relaxing)
 .comment       0x000000000000005b       0x2d c:/program files/microchip/xc8/v2.46/avr/bin/../lib/gcc/avr/5.4.0/../../../../avr/lib/avr5\libc.a(_Exit.o)

.stack.descriptors.hdr
                0x0000000000000000      0x10a
 .stack.descriptors.hdr
                0x0000000000000000        0xe c:/program files/microchip/xc8/v2.46/avr/bin/../lib/gcc/avr/5.4.0/../../../../avr/lib/avr5\libm.a(divsf3.o)
 .stack.descriptors.hdr
                0x000000000000000e        0xe c:/program files/microchip/xc8/v2.46/avr/bin/../lib/gcc/avr/5.4.0/../../../../avr/lib/avr5\libm.a(divsf3x.o)
 .stack.descriptors.hdr
                0x000000000000001c        0xe c:/program files/microchip/xc8/v2.46/avr/bin/../lib/gcc/avr/5.4.0/../../../../avr/lib/avr5\libm.a(fixsfsi.o)
 .stack.descriptors.hdr
                0x000000000000002a        0xe c:/program files/microchip/xc8/v2.46/avr/bin/../lib/gcc/avr/5.4.0/../../../../avr/lib/avr5\libm.a(fixunssfsi.o)
 .stack.descriptors.hdr
                0x0000000000000038        0xe c:/program files/microchip/xc8/v2.46/avr/bin/../lib/gcc/avr/5.4.0/../../../../avr/lib/avr5\libm.a(floatsisf.o)
 .stack.descriptors.hdr
                0x0000000000000046        0xe c:/program files/microchip/xc8/v2.46/avr/bin/../lib/gcc/avr/5.4.0/../../../../avr/lib/avr5\libm.a(fp_inf.o)
 .stack.descriptors.hdr
                0x0000000000000054        0xe c:/program files/microchip/xc8/v2.46/avr/bin/../lib/gcc/avr/5.4.0/../../../../avr/lib/avr5\libm.a(fp_nan.o)
 .stack.descriptors.hdr
                0x0000000000000062        0xe c:/program files/microchip/xc8/v2.46/avr/bin/../lib/gcc/avr/5.4.0/../../../../avr/lib/avr5\libm.a(fp_pscA.o)
 .stack.descriptors.hdr
                0x0000000000000070        0xe c:/program files/microchip/xc8/v2.46/avr/bin/../lib/gcc/avr/5.4.0/../../../../avr/lib/avr5\libm.a(fp_pscB.o)
 .stack.descriptors.hdr
                0x000000000000007e        0xe c:/program files/microchip/xc8/v2.46/avr/bin/../lib/gcc/avr/5.4.0/../../../../avr/lib/avr5\libm.a(fp_round.o)
 .stack.descriptors.hdr
                0x000000000000008c        0xe c:/program files/microchip/xc8/v2.46/avr/bin/../lib/gcc/avr/5.4.0/../../../../avr/lib/avr5\libm.a(fp_split3.o)
 .stack.descriptors.hdr
                0x000000000000009a        0xe c:/program files/microchip/xc8/v2.46/avr/bin/../lib/gcc/avr/5.4.0/../../../../avr/lib/avr5\libm.a(fp_zero.o)
 .stack.descriptors.hdr
                0x00000000000000a8        0xe c:/program files/microchip/xc8/v2.46/avr/bin/../lib/gcc/avr/5.4.0/../../../../avr/lib/avr5\libm.a(mulsf3.o)
 .stack.descriptors.hdr
                0x00000000000000b6        0xe c:/program files/microchip/xc8/v2.46/avr/bin/../lib/gcc/avr/5.4.0/../../../../avr/lib/avr5\libm.a(mulsf3x.o)
 .stack.descriptors.hdr
                0x00000000000000c4        0xe c:/program files/microchip/xc8/v2.46/avr/bin/../lib/gcc/avr/5.4.0/avr5\libgcc.a(_divmodhi4.o)
 .stack.descriptors.hdr
                0x00000000000000d2        0xe c:/program files/microchip/xc8/v2.46/avr/bin/../lib/gcc/avr/5.4.0/avr5\libgcc.a(_udivmodhi4.o)
 .stack.descriptors.hdr
                0x00000000000000e0        0xe c:/program files/microchip/xc8/v2.46/avr/bin/../lib/gcc/avr/5.4.0/../../../../avr/lib/avr5\libc.a(exit.o)
 .stack.descriptors.hdr
                0x00000000000000ee        0xe c:/program files/microchip/xc8/v2.46/avr/bin/../lib/gcc/avr/5.4.0/../../../../avr/lib/avr5\libc.a(_Exit.o)
 .stack.descriptors.hdr
                0x00000000000000fc        0xe c:/program files/microchip/xc8/v2.46/avr/bin/../lib/gcc/avr/5.4.0/avr5\libgcc.a(_exit.o)

.note.GNU-stack
                0x0000000000000000        0x0
 .note.GNU-stack
                0x0000000000000000        0x0 c:/program files/microchip/xc8/v2.46/avr/bin/../lib/gcc/avr/5.4.0/../../../../avr/lib/avr5\libm.a(divsf3.o)
 .note.GNU-stack
                0x0000000000000000        0x0 c:/program files/microchip/xc8/v2.46/avr/bin/../lib/gcc/avr/5.4.0/../../../../avr/lib/avr5\libm.a(divsf3x.o)
 .note.GNU-stack
                0x0000000000000000        0x0 c:/program files/microchip/xc8/v2.46/avr/bin/../lib/gcc/avr/5.4.0/../../../../avr/lib/avr5\libm.a(fixsfsi.o)
 .note.GNU-stack
                0x0000000000000000        0x0 c:/program files/microchip/xc8/v2.46/avr/bin/../lib/gcc/avr/5.4.0/../../../../avr/lib/avr5\libm.a(fixunssfsi.o)
 .note.GNU-stack
                0x0000000000000000        0x0 c:/program files/microchip/xc8/v2.46/avr/bin/../lib/gcc/avr/5.4.0/../../../../avr/lib/avr5\libm.a(floatsisf.o)
 .note.GNU-stack
                0x0000000000000000        0x0 c:/program files/microchip/xc8/v2.46/avr/bin/../lib/gcc/avr/5.4.0/../../../../avr/lib/avr5\libm.a(fp_inf.o)
 .note.GNU-stack
                0x0000000000000000        0x0 c:/program files/microchip/xc8/v2.46/avr/bin/../lib/gcc/avr/5.4.0/../../../../avr/lib/avr5\libm.a(fp_nan.o)
 .note.GNU-stack
                0x0000000000000000        0x0 c:/program files/microchip/xc8/v2.46/avr/bin/../lib/gcc/avr/5.4.0/../../../../avr/lib/avr5\libm.a(fp_pscA.o)
 .note.GNU-stack
                0x0000000000000000        0x0 c:/program files/microchip/xc8/v2.46/avr/bin/../lib/gcc/avr/5.4.0/../../../../avr/lib/avr5\libm.a(fp_pscB.o)
 .note.GNU-stack
                0x0000000000000000        0x0 c:/program files/microchip/xc8/v2.46/avr/bin/../lib/gcc/avr/5.4.0/../../../../avr/lib/avr5\libm.a(fp_round.o)
 .note.GNU-stack
                0x0000000000000000        0x0 c:/program files/microchip/xc8/v2.46/avr/bin/../lib/gcc/avr/5.4.0/../../../../avr/lib/avr5\libm.a(fp_split3.o)
 .note.GNU-stack
                0x0000000000000000        0x0 c:/program files/microchip/xc8/v2.46/avr/bin/../lib/gcc/avr/5.4.0/../../../../avr/lib/avr5\libm.a(fp_zero.o)
 .note.GNU-stack
                0x0000000000000000        0x0 c:/program files/microchip/xc8/v2.46/avr/bin/../lib/gcc/avr/5.4.0/../../../../avr/lib/avr5\libm.a(mulsf3.o)
 .note.GNU-stack
                0x0000000000000000        0x0 c:/program files/microchip/xc8/v2.46/avr/bin/../lib/gcc/avr/5.4.0/../../../../avr/lib/avr5\libm.a(mulsf3x.o)
 .note.GNU-stack
                0x0000000000000000        0x0 c:/program files/microchip/xc8/v2.46/avr/bin/../lib/gcc/avr/5.4.0/../../../../avr/lib/avr5\libc.a(exit.o)
 .note.GNU-stack
                0x0000000000000000        0x0 c:/program files/microchip/xc8/v2.46/avr/bin/../lib/gcc/avr/5.4.0/../../../../avr/lib/avr5\libc.a(_Exit.o)

.note.gnu.build-id
 *(.note.gnu.build-id)

.debug
 *(.debug)

.line
 *(.line)

.debug_srcinfo
 *(.debug_srcinfo)

.debug_sfnames
 *(.debug_sfnames)

.debug_aranges  0x0000000000000000      0x1d8
 *(.debug_aranges)
 .debug_aranges
                0x0000000000000000       0x60 build/default/debug/newavr-main.o
 .debug_aranges
                0x0000000000000060       0xf8 build/default/debug/DIO.o
 .debug_aranges
                0x0000000000000158       0x28 build/default/debug/kpad.o
 .debug_aranges
                0x0000000000000180       0x58 build/default/debug/LCD.o

.debug_pubnames
 *(.debug_pubnames)

.debug_info     0x0000000000000000     0x23be
 *(.debug_info .gnu.linkonce.wi.*)
 .debug_info    0x0000000000000000      0x4e6 C:/Program Files/Microchip/MPLABX/v6.20/packs/Microchip/ATmega_DFP/3.1.264/xc8/avr/lib/avr5/crtatmega32a.o
 .debug_info    0x00000000000004e6      0x7c6 build/default/debug/newavr-main.o
 .debug_info    0x0000000000000cac      0x806 build/default/debug/DIO.o
 .debug_info    0x00000000000014b2      0x72f build/default/debug/kpad.o
 .debug_info    0x0000000000001be1      0x7dd build/default/debug/LCD.o

.debug_abbrev   0x0000000000000000      0x9cf
 *(.debug_abbrev)
 .debug_abbrev  0x0000000000000000      0x4a3 C:/Program Files/Microchip/MPLABX/v6.20/packs/Microchip/ATmega_DFP/3.1.264/xc8/avr/lib/avr5/crtatmega32a.o
 .debug_abbrev  0x00000000000004a3      0x17b build/default/debug/newavr-main.o
 .debug_abbrev  0x000000000000061e       0xd2 build/default/debug/DIO.o
 .debug_abbrev  0x00000000000006f0      0x128 build/default/debug/kpad.o
 .debug_abbrev  0x0000000000000818      0x1b7 build/default/debug/LCD.o

.debug_line     0x0000000000000000      0xda3
 *(.debug_line .debug_line.* .debug_line_end)
 .debug_line    0x0000000000000000      0x116 C:/Program Files/Microchip/MPLABX/v6.20/packs/Microchip/ATmega_DFP/3.1.264/xc8/avr/lib/avr5/crtatmega32a.o
 .debug_line    0x0000000000000116      0x2b7 build/default/debug/newavr-main.o
 .debug_line    0x00000000000003cd      0x438 build/default/debug/DIO.o
 .debug_line    0x0000000000000805      0x2c6 build/default/debug/kpad.o
 .debug_line    0x0000000000000acb      0x2d8 build/default/debug/LCD.o

.debug_frame    0x0000000000000000      0x3a4
 *(.debug_frame)
 .debug_frame   0x0000000000000000       0xbc build/default/debug/newavr-main.o
 .debug_frame   0x00000000000000bc      0x1d4 build/default/debug/DIO.o
 .debug_frame   0x0000000000000290       0x3c build/default/debug/kpad.o
 .debug_frame   0x00000000000002cc       0xd8 build/default/debug/LCD.o

.debug_str      0x0000000000000000      0x251
 *(.debug_str)
 .debug_str     0x0000000000000000      0x196 C:/Program Files/Microchip/MPLABX/v6.20/packs/Microchip/ATmega_DFP/3.1.264/xc8/avr/lib/avr5/crtatmega32a.o
 .debug_str     0x0000000000000196       0x2d build/default/debug/newavr-main.o
 .debug_str     0x00000000000001c3       0x1b build/default/debug/DIO.o
 .debug_str     0x00000000000001de       0x30 build/default/debug/kpad.o
 .debug_str     0x000000000000020e       0x43 build/default/debug/LCD.o

.debug_loc      0x0000000000000000     0x1336
 *(.debug_loc)
 .debug_loc     0x0000000000000000      0x36b build/default/debug/newavr-main.o
 .debug_loc     0x000000000000036b      0x680 build/default/debug/DIO.o
 .debug_loc     0x00000000000009eb      0x468 build/default/debug/kpad.o
 .debug_loc     0x0000000000000e53      0x4e3 build/default/debug/LCD.o

.debug_macinfo
 *(.debug_macinfo)

.debug_weaknames
 *(.debug_weaknames)

.debug_funcnames
 *(.debug_funcnames)

.debug_typenames
 *(.debug_typenames)

.debug_varnames
 *(.debug_varnames)

.debug_pubtypes
 *(.debug_pubtypes)

.debug_ranges   0x0000000000000000      0x198
 *(.debug_ranges)
 .debug_ranges  0x0000000000000000       0x50 build/default/debug/newavr-main.o
 .debug_ranges  0x0000000000000050       0xe8 build/default/debug/DIO.o
 .debug_ranges  0x0000000000000138       0x18 build/default/debug/kpad.o
 .debug_ranges  0x0000000000000150       0x48 build/default/debug/LCD.o

.debug_macro
 *(.debug_macro)
OUTPUT(dist/default/debug/the_bright_moon.X.debug.elf elf32-avr)
LOAD linker stubs
LOAD data_init

.note.gnu.avr.deviceinfo
                0x0000000000000000       0x3c
 .note.gnu.avr.deviceinfo
                0x0000000000000000       0x3c C:/Program Files/Microchip/MPLABX/v6.20/packs/Microchip/ATmega_DFP/3.1.264/xc8/avr/lib/avr5/crtatmega32a.o

.text.readSensors
                0x00000000000000b0      0x1ca
 .text.readSensors
                0x00000000000000b0      0x1ca build/default/debug/newavr-main.o
                0x00000000000000b0                readSensors

.text.readKey   0x000000000000027a      0x1ba
 .text.readKey  0x000000000000027a      0x1ba build/default/debug/kpad.o
                0x000000000000027a                readKey

.text           0x0000000000000434       0xde
 .text          0x0000000000000434       0xde c:/program files/microchip/xc8/v2.46/avr/bin/../lib/gcc/avr/5.4.0/../../../../avr/lib/avr5\libm.a(divsf3x.o)
                0x0000000000000434                __divsf3x
                0x000000000000045c                __divsf3_pse

.text           0x0000000000000512       0xd4
 .text          0x0000000000000512       0xd4 c:/program files/microchip/xc8/v2.46/avr/bin/../lib/gcc/avr/5.4.0/../../../../avr/lib/avr5\libm.a(mulsf3x.o)
                0x0000000000000512                __mulsf3x
                0x0000000000000538                __mulsf3_pse

.text.itoa      0x00000000000005e6       0xb0
 .text.itoa     0x00000000000005e6       0xb0 build/default/debug/LCD.o
                0x00000000000005e6                itoa

.text           0x0000000000000696       0x7a
 .text          0x0000000000000696       0x7a c:/program files/microchip/xc8/v2.46/avr/bin/../lib/gcc/avr/5.4.0/../../../../avr/lib/avr5\libm.a(floatsisf.o)
                0x0000000000000696                __floatunsisf
                0x000000000000069a                __floatsisf

.text.init_LCD  0x0000000000000710       0x6e
 .text.init_LCD
                0x0000000000000710       0x6e build/default/debug/LCD.o
                0x0000000000000710                init_LCD

.text           0x000000000000077e       0x5e
 .text          0x000000000000077e       0x5e c:/program files/microchip/xc8/v2.46/avr/bin/../lib/gcc/avr/5.4.0/../../../../avr/lib/avr5\libm.a(fixunssfsi.o)
                0x000000000000077e                __fixunssfsi

.text.setPIND_DIR
                0x00000000000007dc       0x44
 .text.setPIND_DIR
                0x00000000000007dc       0x44 build/default/debug/DIO.o
                0x00000000000007dc                setPIND_DIR

.text           0x0000000000000820       0x44
 .text          0x0000000000000820       0x44 c:/program files/microchip/xc8/v2.46/avr/bin/../lib/gcc/avr/5.4.0/../../../../avr/lib/avr5\libm.a(fp_split3.o)
                0x0000000000000820                __fp_split3
                0x0000000000000830                __fp_splitA

.text.setPIND   0x0000000000000864       0x42
 .text.setPIND  0x0000000000000864       0x42 build/default/debug/DIO.o
                0x0000000000000864                setPIND

.text.LCD_DATA_NUM
                0x00000000000008a6       0x3c
 .text.LCD_DATA_NUM
                0x00000000000008a6       0x3c build/default/debug/LCD.o
                0x00000000000008a6                LCD_DATA_NUM

.text.libgcc.div
                0x00000000000008e2       0x28
 .text.libgcc.div
                0x00000000000008e2       0x28 c:/program files/microchip/xc8/v2.46/avr/bin/../lib/gcc/avr/5.4.0/avr5\libgcc.a(_divmodhi4.o)
                0x00000000000008e2                _div
                0x00000000000008e2                __divmodhi4

.text.libgcc.div
                0x000000000000090a       0x28
 .text.libgcc.div
                0x000000000000090a       0x28 c:/program files/microchip/xc8/v2.46/avr/bin/../lib/gcc/avr/5.4.0/avr5\libgcc.a(_udivmodhi4.o)
                0x000000000000090a                __udivmodhi4

.text.LCD_EN    0x0000000000000932       0x24
 .text.LCD_EN   0x0000000000000932       0x24 build/default/debug/LCD.o
                0x0000000000000932                LCD_EN

.text.init_ADC  0x0000000000000956       0x22
 .text.init_ADC
                0x0000000000000956       0x22 build/default/debug/newavr-main.o
                0x0000000000000956                init_ADC

.text           0x0000000000000978       0x22
 .text          0x0000000000000978       0x22 c:/program files/microchip/xc8/v2.46/avr/bin/../lib/gcc/avr/5.4.0/../../../../avr/lib/avr5\libm.a(fp_round.o)
                0x0000000000000978                __fp_round

.text.setPORTC_DIR_VAL
                0x000000000000099a       0x20
 .text.setPORTC_DIR_VAL
                0x000000000000099a       0x20 build/default/debug/DIO.o
                0x000000000000099a                setPORTC_DIR_VAL

.text.LCD_DATA_STR
                0x00000000000009ba       0x1e
 .text.LCD_DATA_STR
                0x00000000000009ba       0x1e build/default/debug/LCD.o
                0x00000000000009ba                LCD_DATA_STR

.text.LCD_COMMAND
                0x00000000000009d8       0x1c
 .text.LCD_COMMAND
                0x00000000000009d8       0x1c build/default/debug/LCD.o
                0x00000000000009d8                LCD_COMMAND

.text.LCD_DATA  0x00000000000009f4       0x1c
 .text.LCD_DATA
                0x00000000000009f4       0x1c build/default/debug/LCD.o
                0x00000000000009f4                LCD_DATA

.text.LCD_CLEAR
                0x0000000000000a10       0x18
 .text.LCD_CLEAR
                0x0000000000000a10       0x18 build/default/debug/LCD.o
                0x0000000000000a10                LCD_CLEAR

.text.ADC_SELECT_REF
                0x0000000000000a28       0x16
 .text.ADC_SELECT_REF
                0x0000000000000a28       0x16 build/default/debug/newavr-main.o
                0x0000000000000a28                ADC_SELECT_REF

.text.exit      0x0000000000000a3e       0x16
 .text.exit     0x0000000000000a3e       0x16 c:/program files/microchip/xc8/v2.46/avr/bin/../lib/gcc/avr/5.4.0/../../../../avr/lib/avr5\libc.a(exit.o)
                0x0000000000000a3e                exit

.text.ADC_SELECT_CH
                0x0000000000000a54        0xe
 .text.ADC_SELECT_CH
                0x0000000000000a54        0xe build/default/debug/newavr-main.o
                0x0000000000000a54                ADC_SELECT_CH

.text.ADC_SELECT_FREQ
                0x0000000000000a62        0xe
 .text.ADC_SELECT_FREQ
                0x0000000000000a62        0xe build/default/debug/newavr-main.o
                0x0000000000000a62                ADC_SELECT_FREQ

.text           0x0000000000000a70        0xe
 .text          0x0000000000000a70        0xe c:/program files/microchip/xc8/v2.46/avr/bin/../lib/gcc/avr/5.4.0/../../../../avr/lib/avr5\libm.a(fixsfsi.o)
                0x0000000000000a70                __fixsfsi

.text           0x0000000000000a7e        0xe
 .text          0x0000000000000a7e        0xe c:/program files/microchip/xc8/v2.46/avr/bin/../lib/gcc/avr/5.4.0/../../../../avr/lib/avr5\libm.a(fp_pscA.o)
                0x0000000000000a7e                __fp_pscA

.text           0x0000000000000a8c        0xe
 .text          0x0000000000000a8c        0xe c:/program files/microchip/xc8/v2.46/avr/bin/../lib/gcc/avr/5.4.0/../../../../avr/lib/avr5\libm.a(fp_pscB.o)
                0x0000000000000a8c                __fp_pscB

.text           0x0000000000000a9a        0xe
 .text          0x0000000000000a9a        0xe c:/program files/microchip/xc8/v2.46/avr/bin/../lib/gcc/avr/5.4.0/../../../../avr/lib/avr5\libm.a(fp_zero.o)
                0x0000000000000a9a                __fp_zero
                0x0000000000000a9c                __fp_szero

.text           0x0000000000000aa8        0xc
 .text          0x0000000000000aa8        0xc c:/program files/microchip/xc8/v2.46/avr/bin/../lib/gcc/avr/5.4.0/../../../../avr/lib/avr5\libm.a(fp_inf.o)
                0x0000000000000aa8                __fp_inf

.text.initKey   0x0000000000000ab4        0x8
 .text.initKey  0x0000000000000ab4        0x8 build/default/debug/kpad.o
                0x0000000000000ab4                initKey

.text           0x0000000000000abc        0x8
 .text          0x0000000000000abc        0x8 c:/program files/microchip/xc8/v2.46/avr/bin/../lib/gcc/avr/5.4.0/../../../../avr/lib/avr5\libm.a(divsf3.o)
                0x0000000000000abc                __divsf3

.text           0x0000000000000ac4        0x8
 .text          0x0000000000000ac4        0x8 c:/program files/microchip/xc8/v2.46/avr/bin/../lib/gcc/avr/5.4.0/../../../../avr/lib/avr5\libm.a(mulsf3.o)
                0x0000000000000ac4                __mulsf3

.text.main      0x0000000000000acc        0x6
 .text.main     0x0000000000000acc        0x6 build/default/debug/newavr-main.o
                0x0000000000000acc                main

.text           0x0000000000000ad2        0x6
 .text          0x0000000000000ad2        0x6 c:/program files/microchip/xc8/v2.46/avr/bin/../lib/gcc/avr/5.4.0/../../../../avr/lib/avr5\libm.a(fp_nan.o)
                0x0000000000000ad2                __fp_nan

.text           0x0000000000000ad8        0x4
 .text          0x0000000000000ad8        0x4 C:/Program Files/Microchip/MPLABX/v6.20/packs/Microchip/ATmega_DFP/3.1.264/xc8/avr/lib/avr5/crtatmega32a.o
                0x0000000000000ad8                __vector_1
                0x0000000000000ad8                __vector_12
                0x0000000000000ad8                __bad_interrupt
                0x0000000000000ad8                __vector_6
                0x0000000000000ad8                __vector_3
                0x0000000000000ad8                __vector_11
                0x0000000000000ad8                __vector_13
                0x0000000000000ad8                __vector_17
                0x0000000000000ad8                __vector_19
                0x0000000000000ad8                __vector_7
                0x0000000000000ad8                __vector_5
                0x0000000000000ad8                __vector_4
                0x0000000000000ad8                __vector_9
                0x0000000000000ad8                __vector_2
                0x0000000000000ad8                __vector_15
                0x0000000000000ad8                __vector_8
                0x0000000000000ad8                __vector_14
                0x0000000000000ad8                __vector_10
                0x0000000000000ad8                __vector_16
                0x0000000000000ad8                __vector_18
                0x0000000000000ad8                __vector_20

.text.ADC_SC    0x0000000000000adc        0x4
 .text.ADC_SC   0x0000000000000adc        0x4 build/default/debug/newavr-main.o
                0x0000000000000adc                ADC_SC

.text.ADC_EN    0x0000000000000ae0        0x4
 .text.ADC_EN   0x0000000000000ae0        0x4 build/default/debug/newavr-main.o
                0x0000000000000ae0                ADC_EN

.text.readPORTB
                0x0000000000000ae4        0x4
 .text.readPORTB
                0x0000000000000ae4        0x4 build/default/debug/DIO.o
                0x0000000000000ae4                readPORTB

.text._Exit     0x0000000000000ae8        0x4
 .text._Exit    0x0000000000000ae8        0x4 c:/program files/microchip/xc8/v2.46/avr/bin/../lib/gcc/avr/5.4.0/../../../../avr/lib/avr5\libc.a(_Exit.o)
                0x0000000000000ae8                _Exit

.text.__dummy_fini
                0x0000000000000aec        0x2
 .text.__dummy_fini
                0x0000000000000aec        0x2 c:/program files/microchip/xc8/v2.46/avr/bin/../lib/gcc/avr/5.4.0/../../../../avr/lib/avr5\libc.a(exit.o)
                0x0000000000000aec                _fini

.text.__dummy_funcs_on_exit
                0x0000000000000aee        0x2
 .text.__dummy_funcs_on_exit
                0x0000000000000aee        0x2 c:/program files/microchip/xc8/v2.46/avr/bin/../lib/gcc/avr/5.4.0/../../../../avr/lib/avr5\libc.a(exit.o)
                0x0000000000000aee                __funcs_on_exit

.text.__dummy_simulator_exit
                0x0000000000000af0        0x2
 .text.__dummy_simulator_exit
                0x0000000000000af0        0x2 c:/program files/microchip/xc8/v2.46/avr/bin/../lib/gcc/avr/5.4.0/../../../../avr/lib/avr5\libc.a(exit.o)
                0x0000000000000af0                __simulator_exit

.rodata         0x0000000000800060        0xb load address 0x0000000000000af2
 .rodata        0x0000000000800060        0xb build/default/debug/newavr-main.o
