Archive member included to satisfy reference by file (symbol)

c:/program files/microchip/xc8/v2.46/avr/bin/../lib/gcc/avr/5.4.0/../../../../avr/lib/avr5\libc.a(exit.o)
                              C:/Program Files/Microchip/MPLABX/v6.20/packs/Microchip/ATmega_DFP/3.1.264/xc8/avr/lib/avr5/crtatmega32a.o (exit)
c:/program files/microchip/xc8/v2.46/avr/bin/../lib/gcc/avr/5.4.0/../../../../avr/lib/avr5\libc.a(_Exit.o)
                              c:/program files/microchip/xc8/v2.46/avr/bin/../lib/gcc/avr/5.4.0/../../../../avr/lib/avr5\libc.a(exit.o) (_Exit)
c:/program files/microchip/xc8/v2.46/avr/bin/../lib/gcc/avr/5.4.0/avr5\libgcc.a(_exit.o)
                              c:/program files/microchip/xc8/v2.46/avr/bin/../lib/gcc/avr/5.4.0/../../../../avr/lib/avr5\libc.a(_Exit.o) (_exit)

Discarded input sections

 .data          0x0000000000000000        0x0 C:/Program Files/Microchip/MPLABX/v6.20/packs/Microchip/ATmega_DFP/3.1.264/xc8/avr/lib/avr5/crtatmega32a.o
 .bss           0x0000000000000000        0x0 C:/Program Files/Microchip/MPLABX/v6.20/packs/Microchip/ATmega_DFP/3.1.264/xc8/avr/lib/avr5/crtatmega32a.o
 .text          0x0000000000000000        0x0 build/default/debug/newavr-main.o
 .data          0x0000000000000000        0x0 build/default/debug/newavr-main.o
 .bss           0x0000000000000000        0x0 build/default/debug/newavr-main.o
 .text          0x0000000000000000        0x0 build/default/debug/DIO.o
 .data          0x0000000000000000        0x0 build/default/debug/DIO.o
 .bss           0x0000000000000000        0x0 build/default/debug/DIO.o
 .text.setPORTA_DIR_VAL
                0x0000000000000000       0x20 build/default/debug/DIO.o
 .text.setPORTB_DIR_VAL
                0x0000000000000000       0x20 build/default/debug/DIO.o
 .text.setPINA_DIR
                0x0000000000000000       0x44 build/default/debug/DIO.o
 .text.setPINB_DIR
                0x0000000000000000       0x44 build/default/debug/DIO.o
 .text.setPINC_DIR
                0x0000000000000000       0x44 build/default/debug/DIO.o
 .text.setPORTA_DIR
                0x0000000000000000       0x14 build/default/debug/DIO.o
 .text.setPORTB_DIR
                0x0000000000000000       0x14 build/default/debug/DIO.o
 .text.setPORTC_DIR
                0x0000000000000000       0x14 build/default/debug/DIO.o
 .text.setPORTD_DIR
                0x0000000000000000       0x14 build/default/debug/DIO.o
 .text.setPORTA_VAL
                0x0000000000000000        0x4 build/default/debug/DIO.o
 .text.setPORTB_VAL
                0x0000000000000000        0x4 build/default/debug/DIO.o
 .text.setPORTC_VAL
                0x0000000000000000        0x4 build/default/debug/DIO.o
 .text.setPORTD_VAL
                0x0000000000000000        0x4 build/default/debug/DIO.o
 .text.setPINA  0x0000000000000000       0x42 build/default/debug/DIO.o
 .text.readPORTA
                0x0000000000000000        0x6 build/default/debug/DIO.o
 .text.readPORTB
                0x0000000000000000        0x6 build/default/debug/DIO.o
 .text.readPORTC
                0x0000000000000000        0x6 build/default/debug/DIO.o
 .text.readPORTD
                0x0000000000000000        0x6 build/default/debug/DIO.o
 .text.readPINA
                0x0000000000000000       0x1c build/default/debug/DIO.o
 .text.readPINB
                0x0000000000000000       0x1c build/default/debug/DIO.o
 .text.readPINC
                0x0000000000000000       0x1c build/default/debug/DIO.o
 .text.readPIND
                0x0000000000000000       0x1c build/default/debug/DIO.o
 .text          0x0000000000000000        0x0 build/default/debug/LEDs.o
 .data          0x0000000000000000        0x0 build/default/debug/LEDs.o
 .bss           0x0000000000000000        0x0 build/default/debug/LEDs.o
 .text.LED_OFF  0x0000000000000000       0x3a build/default/debug/LEDs.o
 .text          0x0000000000000000        0x0 build/default/debug/buttons.o
 .data          0x0000000000000000        0x0 build/default/debug/buttons.o
 .bss           0x0000000000000000        0x0 build/default/debug/buttons.o
 .text.is_pressed
                0x0000000000000000       0x30 build/default/debug/buttons.o
 .text          0x0000000000000000        0x0 c:/program files/microchip/xc8/v2.46/avr/bin/../lib/gcc/avr/5.4.0/../../../../avr/lib/avr5\libc.a(exit.o)
 .data          0x0000000000000000        0x0 c:/program files/microchip/xc8/v2.46/avr/bin/../lib/gcc/avr/5.4.0/../../../../avr/lib/avr5\libc.a(exit.o)
 .bss           0x0000000000000000        0x0 c:/program files/microchip/xc8/v2.46/avr/bin/../lib/gcc/avr/5.4.0/../../../../avr/lib/avr5\libc.a(exit.o)
 .stack.descriptors
                0x0000000000000000       0x73 c:/program files/microchip/xc8/v2.46/avr/bin/../lib/gcc/avr/5.4.0/../../../../avr/lib/avr5\libc.a(exit.o)
 .text          0x0000000000000000        0x0 c:/program files/microchip/xc8/v2.46/avr/bin/../lib/gcc/avr/5.4.0/../../../../avr/lib/avr5\libc.a(_Exit.o)
 .data          0x0000000000000000        0x0 c:/program files/microchip/xc8/v2.46/avr/bin/../lib/gcc/avr/5.4.0/../../../../avr/lib/avr5\libc.a(_Exit.o)
 .bss           0x0000000000000000        0x0 c:/program files/microchip/xc8/v2.46/avr/bin/../lib/gcc/avr/5.4.0/../../../../avr/lib/avr5\libc.a(_Exit.o)
 .stack.descriptors
                0x0000000000000000       0x13 c:/program files/microchip/xc8/v2.46/avr/bin/../lib/gcc/avr/5.4.0/../../../../avr/lib/avr5\libc.a(_Exit.o)
 .text          0x0000000000000000        0x0 c:/program files/microchip/xc8/v2.46/avr/bin/../lib/gcc/avr/5.4.0/avr5\libgcc.a(_exit.o)
 .data          0x0000000000000000        0x0 c:/program files/microchip/xc8/v2.46/avr/bin/../lib/gcc/avr/5.4.0/avr5\libgcc.a(_exit.o)
 .bss           0x0000000000000000        0x0 c:/program files/microchip/xc8/v2.46/avr/bin/../lib/gcc/avr/5.4.0/avr5\libgcc.a(_exit.o)
 .text.libgcc.mul
                0x0000000000000000        0x0 c:/program files/microchip/xc8/v2.46/avr/bin/../lib/gcc/avr/5.4.0/avr5\libgcc.a(_exit.o)
 .text.libgcc.div
                0x0000000000000000        0x0 c:/program files/microchip/xc8/v2.46/avr/bin/../lib/gcc/avr/5.4.0/avr5\libgcc.a(_exit.o)
 .text.libgcc   0x0000000000000000        0x0 c:/program files/microchip/xc8/v2.46/avr/bin/../lib/gcc/avr/5.4.0/avr5\libgcc.a(_exit.o)
 .text.libgcc.prologue
                0x0000000000000000        0x0 c:/program files/microchip/xc8/v2.46/avr/bin/../lib/gcc/avr/5.4.0/avr5\libgcc.a(_exit.o)
 .stack.descriptors
                0x0000000000000000       0x13 c:/program files/microchip/xc8/v2.46/avr/bin/../lib/gcc/avr/5.4.0/avr5\libgcc.a(_exit.o)
 .text.libgcc.builtins
                0x0000000000000000        0x0 c:/program files/microchip/xc8/v2.46/avr/bin/../lib/gcc/avr/5.4.0/avr5\libgcc.a(_exit.o)
 .text.libgcc.fmul
                0x0000000000000000        0x0 c:/program files/microchip/xc8/v2.46/avr/bin/../lib/gcc/avr/5.4.0/avr5\libgcc.a(_exit.o)
 .text.libgcc.fixed
                0x0000000000000000        0x0 c:/program files/microchip/xc8/v2.46/avr/bin/../lib/gcc/avr/5.4.0/avr5\libgcc.a(_exit.o)

Memory Configuration

Name             Origin             Length             Attributes
text             0x0000000000000000 0x0000000000008000 xr
data             0x0000000000800060 0x0000000000000800 rw !x
eeprom           0x0000000000810000 0x0000000000000400 rw !x
fuse             0x0000000000820000 0x0000000000000002 rw !x
lock             0x0000000000830000 0x0000000000000400 rw !x
signature        0x0000000000840000 0x0000000000000400 rw !x
user_signatures  0x0000000000850000 0x0000000000000400 rw !x
bootrow          0x0000000000860000 0x0000000000000400 rw !x
*default*        0x0000000000000000 0xffffffffffffffff

Linker script and memory map

LOAD C:/Program Files/Microchip/MPLABX/v6.20/packs/Microchip/ATmega_DFP/3.1.264/xc8/avr/lib/avr5/crtatmega32a.o
                0x0000000000000001                __MPLAB_BUILD = 0x1
LOAD build/default/debug/newavr-main.o
LOAD build/default/debug/DIO.o
LOAD build/default/debug/LEDs.o
LOAD build/default/debug/buttons.o
START GROUP
LOAD c:/program files/microchip/xc8/v2.46/avr/bin/../lib/gcc/avr/5.4.0/../../../../avr/lib/avr5\libm.a
END GROUP
                0x0000000000000001                __MPLAB_DEBUG = 0x1
                0x0000000000000001                __DEBUG = 0x1
START GROUP
LOAD c:/program files/microchip/xc8/v2.46/avr/bin/../lib/gcc/avr/5.4.0/avr5\libgcc.a
LOAD c:/program files/microchip/xc8/v2.46/avr/bin/../lib/gcc/avr/5.4.0/../../../../avr/lib/avr5\libm.a
LOAD c:/program files/microchip/xc8/v2.46/avr/bin/../lib/gcc/avr/5.4.0/../../../../avr/lib/avr5\libc.a
LOAD C:/Program Files/Microchip/MPLABX/v6.20/packs/Microchip/ATmega_DFP/3.1.264/xc8/avr/lib/avr5\libatmega32a.a
END GROUP
                [0x0000000000000000]                __TEXT_REGION_ORIGIN__ = DEFINED (__TEXT_REGION_ORIGIN__)?__TEXT_REGION_ORIGIN__:0x0
                [0x0000000000800060]                __DATA_REGION_ORIGIN__ = DEFINED (__DATA_REGION_ORIGIN__)?__DATA_REGION_ORIGIN__:0x800060
                [0x0000000000008000]                __TEXT_REGION_LENGTH__ = DEFINED (__TEXT_REGION_LENGTH__)?__TEXT_REGION_LENGTH__:0x20000
                [0x0000000000000800]                __DATA_REGION_LENGTH__ = DEFINED (__DATA_REGION_LENGTH__)?__DATA_REGION_LENGTH__:0xffa0
                [0x0000000000000400]                __EEPROM_REGION_LENGTH__ = DEFINED (__EEPROM_REGION_LENGTH__)?__EEPROM_REGION_LENGTH__:0x10000
                [0x0000000000000002]                __FUSE_REGION_LENGTH__ = DEFINED (__FUSE_REGION_LENGTH__)?__FUSE_REGION_LENGTH__:0x400
                0x0000000000000400                __LOCK_REGION_LENGTH__ = DEFINED (__LOCK_REGION_LENGTH__)?__LOCK_REGION_LENGTH__:0x400
                0x0000000000000400                __SIGNATURE_REGION_LENGTH__ = DEFINED (__SIGNATURE_REGION_LENGTH__)?__SIGNATURE_REGION_LENGTH__:0x400
                0x0000000000000400                __USER_SIGNATURE_REGION_LENGTH__ = DEFINED (__USER_SIGNATURE_REGION_LENGTH__)?__USER_SIGNATURE_REGION_LENGTH__:0x400
                0x0000000000000400                __BOOTROW_REGION_LENGTH__ = DEFINED (__BOOTROW_REGION_LENGTH__)?__BOOTROW_REGION_LENGTH__:0x400

.hash
 *(.hash)

.dynsym
 *(.dynsym)

.dynstr
 *(.dynstr)

.gnu.version
 *(.gnu.version)

.gnu.version_d
 *(.gnu.version_d)

.gnu.version_r
 *(.gnu.version_r)

.rel.init
 *(.rel.init)

.rela.init
 *(.rela.init)

.rel.text
 *(.rel.text)
 *(.rel.text.*)
 *(.rel.gnu.linkonce.t*)

.rela.text
 *(.rela.text)
 *(.rela.text.*)
 *(.rela.gnu.linkonce.t*)

.rel.fini
 *(.rel.fini)

.rela.fini
 *(.rela.fini)

.rel.rodata
 *(.rel.rodata)
 *(.rel.rodata.*)
 *(.rel.gnu.linkonce.r*)

.rela.rodata
 *(.rela.rodata)
 *(.rela.rodata.*)
 *(.rela.gnu.linkonce.r*)

.rel.data
 *(.rel.data)
 *(.rel.data.*)
 *(.rel.gnu.linkonce.d*)

.rela.data
 *(.rela.data)
 *(.rela.data.*)
 *(.rela.gnu.linkonce.d*)

.rel.ctors
 *(.rel.ctors)

.rela.ctors
 *(.rela.ctors)

.rel.dtors
 *(.rel.dtors)

.rela.dtors
 *(.rela.dtors)

.rel.got
 *(.rel.got)

.rela.got
 *(.rela.got)

.rel.bss
 *(.rel.bss)

.rela.bss
 *(.rela.bss)

.rel.plt
 *(.rel.plt)

.rela.plt
 *(.rela.plt)

.text           0x0000000000000000       0x6c
 *(.vectors)
 .vectors       0x0000000000000000       0x54 C:/Program Files/Microchip/MPLABX/v6.20/packs/Microchip/ATmega_DFP/3.1.264/xc8/avr/lib/avr5/crtatmega32a.o
                0x0000000000000000                __vector_default
                0x0000000000000000                __vectors
 *(.vectors)
 *(.progmem.gcc*)
 *(.dinit)
 .dinit         0x0000000000000054        0x0 data_init
                0x0000000000000054                . = ALIGN (0x2)
                0x0000000000000054                __trampolines_start = .
 *(.trampolines)
 .trampolines   0x0000000000000054        0x0 linker stubs
 *(.trampolines*)
                0x0000000000000054                __trampolines_end = .
 *libprintf_flt.a:*(.progmem.data)
 *libc.a:*(.progmem.data)
                0x0000000000000054                . = ALIGN (0x2)
 *(.jumptables)
 *(.jumptables*)
 *(.lowtext)
 *(.lowtext*)
                0x0000000000000054                __ctors_start = .
 *(.ctors)
                0x0000000000000054                __ctors_end = .
                0x0000000000000054                __dtors_start = .
 *(.dtors)
                0x0000000000000054                __dtors_end = .
 SORT(*)(.ctors)
 SORT(*)(.dtors)
 *(.init0)
 .init0         0x0000000000000054        0x0 C:/Program Files/Microchip/MPLABX/v6.20/packs/Microchip/ATmega_DFP/3.1.264/xc8/avr/lib/avr5/crtatmega32a.o
                0x0000000000000054                __init
 *(.init0)
 *(.init1)
 *(.init1)
 *(.init2)
 .init2         0x0000000000000054        0xc C:/Program Files/Microchip/MPLABX/v6.20/packs/Microchip/ATmega_DFP/3.1.264/xc8/avr/lib/avr5/crtatmega32a.o
 *(.init2)
 *(.init3)
 *(.init3)
 *(.init4)
 *(.init4)
 *(.init5)
 *(.init5)
 *(.init6)
 *(.init6)
 *(.init7)
 *(.init7)
 *(.init8)
 *(.init8)
 *(.init9)
 .init9         0x0000000000000060        0x8 C:/Program Files/Microchip/MPLABX/v6.20/packs/Microchip/ATmega_DFP/3.1.264/xc8/avr/lib/avr5/crtatmega32a.o
 *(.init9)
                0x0000000000000068                . = ALIGN (0x2)
 *(.fini9)
 .fini9         0x0000000000000068        0x0 c:/program files/microchip/xc8/v2.46/avr/bin/../lib/gcc/avr/5.4.0/avr5\libgcc.a(_exit.o)
                0x0000000000000068                _exit
 *(.fini9)
 *(.fini8)
 *(.fini8)
 *(.fini7)
 *(.fini7)
 *(.fini6)
 *(.fini6)
 *(.fini5)
 *(.fini5)
 *(.fini4)
 *(.fini4)
 *(.fini3)
 *(.fini3)
 *(.fini2)
 *(.fini2)
 *(.fini1)
 *(.fini1)
 *(.fini0)
 .fini0         0x0000000000000068        0x4 c:/program files/microchip/xc8/v2.46/avr/bin/../lib/gcc/avr/5.4.0/avr5\libgcc.a(_exit.o)
 *(.fini0)
                0x000000000000006c                _etext = .

.data           0x0000000000800060        0x0 load address 0x000000000000006c
                [!provide]                        PROVIDE (__data_start, .)
 *(.gnu.linkonce.d*)
 *(.gnu.linkonce.r*)
                0x0000000000800060                . = ALIGN (0x2)
                0x0000000000800060                _edata = .
                [!provide]                        PROVIDE (__data_end, .)

.bss            0x0000000000800060        0x0
                [!provide]                        PROVIDE (__bss_start, .)
 *(COMMON)
                [!provide]                        PROVIDE (__bss_end, .)
                0x000000000000006c                __data_load_start = LOADADDR (.data)
                0x000000000000006c                __data_load_end = (__data_load_start + SIZEOF (.data))

.noinit         0x0000000000800060        0x0
                [!provide]                        PROVIDE (__noinit_start, .)
 *(.noinit*)
                [!provide]                        PROVIDE (__noinit_end, .)
                0x0000000000800060                _end = .

.eeprom         0x0000000000810000        0x0
 *(.eeprom*)
                0x0000000000810000                __eeprom_end = .

.fuse
 *(.fuse)
 *(.lfuse)
 *(.hfuse)
 *(.efuse)

.lock
 *(.lock*)

.signature
 *(.signature*)

.user_signatures
 *(.user_signatures*)

.bootrow
 *(.bootrow*)

.stab
 *(.stab)

.stabstr
 *(.stabstr)

.stab.excl
 *(.stab.excl)

.stab.exclstr
 *(.stab.exclstr)

.stab.index
 *(.stab.index)

.stab.indexstr
 *(.stab.indexstr)

.comment        0x0000000000000000       0x5b
 *(.comment)
 .comment       0x0000000000000000       0x2f build/default/debug/newavr-main.o
                                         0x30 (size before relaxing)
 .comment       0x000000000000002f       0x30 build/default/debug/DIO.o
 .comment       0x000000000000002f       0x30 build/default/debug/LEDs.o
 .comment       0x000000000000002f       0x30 build/default/debug/buttons.o
 .comment       0x000000000000002f       0x2c c:/program files/microchip/xc8/v2.46/avr/bin/../lib/gcc/avr/5.4.0/../../../../avr/lib/avr5\libc.a(exit.o)
                                         0x2d (size before relaxing)
 .comment       0x000000000000005b       0x2d c:/program files/microchip/xc8/v2.46/avr/bin/../lib/gcc/avr/5.4.0/../../../../avr/lib/avr5\libc.a(_Exit.o)

.stack.descriptors.hdr
                0x0000000000000000       0x2a
 .stack.descriptors.hdr
                0x0000000000000000        0xe c:/program files/microchip/xc8/v2.46/avr/bin/../lib/gcc/avr/5.4.0/../../../../avr/lib/avr5\libc.a(exit.o)
 .stack.descriptors.hdr
                0x000000000000000e        0xe c:/program files/microchip/xc8/v2.46/avr/bin/../lib/gcc/avr/5.4.0/../../../../avr/lib/avr5\libc.a(_Exit.o)
 .stack.descriptors.hdr
                0x000000000000001c        0xe c:/program files/microchip/xc8/v2.46/avr/bin/../lib/gcc/avr/5.4.0/avr5\libgcc.a(_exit.o)

.note.GNU-stack
                0x0000000000000000        0x0
 .note.GNU-stack
                0x0000000000000000        0x0 c:/program files/microchip/xc8/v2.46/avr/bin/../lib/gcc/avr/5.4.0/../../../../avr/lib/avr5\libc.a(exit.o)
 .note.GNU-stack
                0x0000000000000000        0x0 c:/program files/microchip/xc8/v2.46/avr/bin/../lib/gcc/avr/5.4.0/../../../../avr/lib/avr5\libc.a(_Exit.o)

.note.gnu.build-id
 *(.note.gnu.build-id)

.debug
 *(.debug)

.line
 *(.line)

.debug_srcinfo
 *(.debug_srcinfo)

.debug_sfnames
 *(.debug_sfnames)

.debug_aranges  0x0000000000000000      0x170
 *(.debug_aranges)
 .debug_aranges
                0x0000000000000000       0x20 build/default/debug/newavr-main.o
 .debug_aranges
                0x0000000000000020       0xf8 build/default/debug/DIO.o
 .debug_aranges
                0x0000000000000118       0x30 build/default/debug/LEDs.o
 .debug_aranges
                0x0000000000000148       0x28 build/default/debug/buttons.o

.debug_pubnames
 *(.debug_pubnames)

.debug_info     0x0000000000000000     0x16f9
 *(.debug_info .gnu.linkonce.wi.*)
 .debug_info    0x0000000000000000      0x4e6 C:/Program Files/Microchip/MPLABX/v6.20/packs/Microchip/ATmega_DFP/3.1.264/xc8/avr/lib/avr5/crtatmega32a.o
 .debug_info    0x00000000000004e6      0x29c build/default/debug/newavr-main.o
 .debug_info    0x0000000000000782      0x7fe build/default/debug/DIO.o
 .debug_info    0x0000000000000f80      0x3ea build/default/debug/LEDs.o
 .debug_info    0x000000000000136a      0x38f build/default/debug/buttons.o

.debug_abbrev   0x0000000000000000      0x745
 *(.debug_abbrev)
 .debug_abbrev  0x0000000000000000      0x4a3 C:/Program Files/Microchip/MPLABX/v6.20/packs/Microchip/ATmega_DFP/3.1.264/xc8/avr/lib/avr5/crtatmega32a.o
 .debug_abbrev  0x00000000000004a3       0x83 build/default/debug/newavr-main.o
 .debug_abbrev  0x0000000000000526       0xd2 build/default/debug/DIO.o
 .debug_abbrev  0x00000000000005f8       0x92 build/default/debug/LEDs.o
 .debug_abbrev  0x000000000000068a       0xbb build/default/debug/buttons.o

.debug_line     0x0000000000000000      0x6d6
 *(.debug_line .debug_line.* .debug_line_end)
 .debug_line    0x0000000000000000      0x116 C:/Program Files/Microchip/MPLABX/v6.20/packs/Microchip/ATmega_DFP/3.1.264/xc8/avr/lib/avr5/crtatmega32a.o
 .debug_line    0x0000000000000116       0x6a build/default/debug/newavr-main.o
 .debug_line    0x0000000000000180      0x438 build/default/debug/DIO.o
 .debug_line    0x00000000000005b8       0xaf build/default/debug/LEDs.o
 .debug_line    0x0000000000000667       0x6f build/default/debug/buttons.o

.debug_frame    0x0000000000000000      0x270
 *(.debug_frame)
 .debug_frame   0x0000000000000000       0x24 build/default/debug/newavr-main.o
 .debug_frame   0x0000000000000024      0x1d4 build/default/debug/DIO.o
 .debug_frame   0x00000000000001f8       0x44 build/default/debug/LEDs.o
 .debug_frame   0x000000000000023c       0x34 build/default/debug/buttons.o

.debug_str      0x0000000000000000      0x20e
 *(.debug_str)
 .debug_str     0x0000000000000000      0x196 C:/Program Files/Microchip/MPLABX/v6.20/packs/Microchip/ATmega_DFP/3.1.264/xc8/avr/lib/avr5/crtatmega32a.o
 .debug_str     0x0000000000000196       0x15 build/default/debug/newavr-main.o
 .debug_str     0x00000000000001ab       0x1b build/default/debug/DIO.o
 .debug_str     0x00000000000001c6       0x1d build/default/debug/LEDs.o
 .debug_str     0x00000000000001e3       0x2b build/default/debug/buttons.o

.debug_loc      0x0000000000000000      0x7c4
 *(.debug_loc)
 .debug_loc     0x0000000000000000      0x680 build/default/debug/DIO.o
 .debug_loc     0x0000000000000680       0xc4 build/default/debug/LEDs.o
 .debug_loc     0x0000000000000744       0x80 build/default/debug/buttons.o

.debug_macinfo
 *(.debug_macinfo)

.debug_weaknames
 *(.debug_weaknames)

.debug_funcnames
 *(.debug_funcnames)

.debug_typenames
 *(.debug_typenames)

.debug_varnames
 *(.debug_varnames)

.debug_pubtypes
 *(.debug_pubtypes)

.debug_ranges   0x0000000000000000      0x130
 *(.debug_ranges)
 .debug_ranges  0x0000000000000000       0x10 build/default/debug/newavr-main.o
 .debug_ranges  0x0000000000000010       0xe8 build/default/debug/DIO.o
 .debug_ranges  0x00000000000000f8       0x20 build/default/debug/LEDs.o
 .debug_ranges  0x0000000000000118       0x18 build/default/debug/buttons.o

.debug_macro
 *(.debug_macro)
OUTPUT(dist/default/debug/the_bright_moon.X.debug.elf elf32-avr)
LOAD linker stubs
LOAD data_init

.note.gnu.avr.deviceinfo
                0x0000000000000000       0x3c
 .note.gnu.avr.deviceinfo
                0x0000000000000000       0x3c C:/Program Files/Microchip/MPLABX/v6.20/packs/Microchip/ATmega_DFP/3.1.264/xc8/avr/lib/avr5/crtatmega32a.o

.text.setPIND_DIR
                0x000000000000006c       0x44
 .text.setPIND_DIR
                0x000000000000006c       0x44 build/default/debug/DIO.o
                0x000000000000006c                setPIND_DIR

.text.setPINB   0x00000000000000b0       0x42
 .text.setPINB  0x00000000000000b0       0x42 build/default/debug/DIO.o
                0x00000000000000b0                setPINB

.text.setPINC   0x00000000000000f2       0x42
 .text.setPINC  0x00000000000000f2       0x42 build/default/debug/DIO.o
                0x00000000000000f2                setPINC

.text.setPIND   0x0000000000000134       0x42
 .text.setPIND  0x0000000000000134       0x42 build/default/debug/DIO.o
                0x0000000000000134                setPIND

.text.LED_ON    0x0000000000000176       0x3a
 .text.LED_ON   0x0000000000000176       0x3a build/default/debug/LEDs.o
                0x0000000000000176                LED_ON

.text.setPORTC_DIR_VAL
                0x00000000000001b0       0x20
 .text.setPORTC_DIR_VAL
                0x00000000000001b0       0x20 build/default/debug/DIO.o
                0x00000000000001b0                setPORTC_DIR_VAL

.text.setPORTD_DIR_VAL
                0x00000000000001d0       0x20
 .text.setPORTD_DIR_VAL
                0x00000000000001d0       0x20 build/default/debug/DIO.o
                0x00000000000001d0                setPORTD_DIR_VAL

.text.initLEDs  0x00000000000001f0       0x1a
 .text.initLEDs
                0x00000000000001f0       0x1a build/default/debug/LEDs.o
                0x00000000000001f0                initLEDs

.text.initButtons
                0x000000000000020a       0x1a
 .text.initButtons
                0x000000000000020a       0x1a build/default/debug/buttons.o
                0x000000000000020a                initButtons

.text.main      0x0000000000000224       0x16
 .text.main     0x0000000000000224       0x16 build/default/debug/newavr-main.o
                0x0000000000000224                main

.text.exit      0x000000000000023a       0x16
 .text.exit     0x000000000000023a       0x16 c:/program files/microchip/xc8/v2.46/avr/bin/../lib/gcc/avr/5.4.0/../../../../avr/lib/avr5\libc.a(exit.o)
                0x000000000000023a                exit

.text           0x0000000000000250        0x4
 .text          0x0000000000000250        0x4 C:/Program Files/Microchip/MPLABX/v6.20/packs/Microchip/ATmega_DFP/3.1.264/xc8/avr/lib/avr5/crtatmega32a.o
                0x0000000000000250                __vector_1
                0x0000000000000250                __vector_12
                0x0000000000000250                __bad_interrupt
                0x0000000000000250                __vector_6
                0x0000000000000250                __vector_3
                0x0000000000000250                __vector_11
                0x0000000000000250                __vector_13
                0x0000000000000250                __vector_17
                0x0000000000000250                __vector_19
                0x0000000000000250                __vector_7
                0x0000000000000250                __vector_5
                0x0000000000000250                __vector_4
                0x0000000000000250                __vector_9
                0x0000000000000250                __vector_2
                0x0000000000000250                __vector_15
                0x0000000000000250                __vector_8
                0x0000000000000250                __vector_14
                0x0000000000000250                __vector_10
                0x0000000000000250                __vector_16
                0x0000000000000250                __vector_18
                0x0000000000000250                __vector_20

.text._Exit     0x0000000000000254        0x4
 .text._Exit    0x0000000000000254        0x4 c:/program files/microchip/xc8/v2.46/avr/bin/../lib/gcc/avr/5.4.0/../../../../avr/lib/avr5\libc.a(_Exit.o)
                0x0000000000000254                _Exit

.text.__dummy_fini
                0x0000000000000258        0x2
 .text.__dummy_fini
                0x0000000000000258        0x2 c:/program files/microchip/xc8/v2.46/avr/bin/../lib/gcc/avr/5.4.0/../../../../avr/lib/avr5\libc.a(exit.o)
                0x0000000000000258                _fini

.text.__dummy_funcs_on_exit
                0x000000000000025a        0x2
 .text.__dummy_funcs_on_exit
                0x000000000000025a        0x2 c:/program files/microchip/xc8/v2.46/avr/bin/../lib/gcc/avr/5.4.0/../../../../avr/lib/avr5\libc.a(exit.o)
                0x000000000000025a                __funcs_on_exit

.text.__dummy_simulator_exit
                0x000000000000025c        0x2
 .text.__dummy_simulator_exit
                0x000000000000025c        0x2 c:/program files/microchip/xc8/v2.46/avr/bin/../lib/gcc/avr/5.4.0/../../../../avr/lib/avr5\libc.a(exit.o)
                0x000000000000025c                __simulator_exit
