Archive member included to satisfy reference by file (symbol)

c:/program files/microchip/xc8/v2.46/avr/bin/../lib/gcc/avr/5.4.0/../../../../avr/lib/avr5\libm.a(cmpsf2.o)
                              build/default/production/kpad.o (__ltsf2)
c:/program files/microchip/xc8/v2.46/avr/bin/../lib/gcc/avr/5.4.0/../../../../avr/lib/avr5\libm.a(divsf3.o)
                              build/default/production/kpad.o (__divsf3)
c:/program files/microchip/xc8/v2.46/avr/bin/../lib/gcc/avr/5.4.0/../../../../avr/lib/avr5\libm.a(divsf3x.o)
                              c:/program files/microchip/xc8/v2.46/avr/bin/../lib/gcc/avr/5.4.0/../../../../avr/lib/avr5\libm.a(divsf3.o) (__divsf3x)
c:/program files/microchip/xc8/v2.46/avr/bin/../lib/gcc/avr/5.4.0/../../../../avr/lib/avr5\libm.a(fixunssfsi.o)
                              build/default/production/kpad.o (__fixunssfsi)
c:/program files/microchip/xc8/v2.46/avr/bin/../lib/gcc/avr/5.4.0/../../../../avr/lib/avr5\libm.a(fp_cmp.o)
                              c:/program files/microchip/xc8/v2.46/avr/bin/../lib/gcc/avr/5.4.0/../../../../avr/lib/avr5\libm.a(cmpsf2.o) (__fp_cmp)
c:/program files/microchip/xc8/v2.46/avr/bin/../lib/gcc/avr/5.4.0/../../../../avr/lib/avr5\libm.a(fp_inf.o)
                              c:/program files/microchip/xc8/v2.46/avr/bin/../lib/gcc/avr/5.4.0/../../../../avr/lib/avr5\libm.a(divsf3x.o) (__fp_inf)
c:/program files/microchip/xc8/v2.46/avr/bin/../lib/gcc/avr/5.4.0/../../../../avr/lib/avr5\libm.a(fp_nan.o)
                              c:/program files/microchip/xc8/v2.46/avr/bin/../lib/gcc/avr/5.4.0/../../../../avr/lib/avr5\libm.a(divsf3x.o) (__fp_nan)
c:/program files/microchip/xc8/v2.46/avr/bin/../lib/gcc/avr/5.4.0/../../../../avr/lib/avr5\libm.a(fp_pscA.o)
                              c:/program files/microchip/xc8/v2.46/avr/bin/../lib/gcc/avr/5.4.0/../../../../avr/lib/avr5\libm.a(divsf3x.o) (__fp_pscA)
c:/program files/microchip/xc8/v2.46/avr/bin/../lib/gcc/avr/5.4.0/../../../../avr/lib/avr5\libm.a(fp_pscB.o)
                              c:/program files/microchip/xc8/v2.46/avr/bin/../lib/gcc/avr/5.4.0/../../../../avr/lib/avr5\libm.a(divsf3x.o) (__fp_pscB)
c:/program files/microchip/xc8/v2.46/avr/bin/../lib/gcc/avr/5.4.0/../../../../avr/lib/avr5\libm.a(fp_round.o)
                              c:/program files/microchip/xc8/v2.46/avr/bin/../lib/gcc/avr/5.4.0/../../../../avr/lib/avr5\libm.a(divsf3.o) (__fp_round)
c:/program files/microchip/xc8/v2.46/avr/bin/../lib/gcc/avr/5.4.0/../../../../avr/lib/avr5\libm.a(fp_split3.o)
                              c:/program files/microchip/xc8/v2.46/avr/bin/../lib/gcc/avr/5.4.0/../../../../avr/lib/avr5\libm.a(divsf3x.o) (__fp_split3)
c:/program files/microchip/xc8/v2.46/avr/bin/../lib/gcc/avr/5.4.0/../../../../avr/lib/avr5\libm.a(fp_zero.o)
                              c:/program files/microchip/xc8/v2.46/avr/bin/../lib/gcc/avr/5.4.0/../../../../avr/lib/avr5\libm.a(fixunssfsi.o) (__fp_zero)
c:/program files/microchip/xc8/v2.46/avr/bin/../lib/gcc/avr/5.4.0/../../../../avr/lib/avr5\libm.a(gesf2.o)
                              build/default/production/kpad.o (__gtsf2)
c:/program files/microchip/xc8/v2.46/avr/bin/../lib/gcc/avr/5.4.0/../../../../avr/lib/avr5\libm.a(mulsf3.o)
                              build/default/production/kpad.o (__mulsf3)
c:/program files/microchip/xc8/v2.46/avr/bin/../lib/gcc/avr/5.4.0/../../../../avr/lib/avr5\libm.a(mulsf3x.o)
                              c:/program files/microchip/xc8/v2.46/avr/bin/../lib/gcc/avr/5.4.0/../../../../avr/lib/avr5\libm.a(mulsf3.o) (__mulsf3x)
c:/program files/microchip/xc8/v2.46/avr/bin/../lib/gcc/avr/5.4.0/avr5\libgcc.a(_divmodhi4.o)
                              build/default/production/LCD.o (__divmodhi4)
c:/program files/microchip/xc8/v2.46/avr/bin/../lib/gcc/avr/5.4.0/avr5\libgcc.a(_copy_data.o)
                              build/default/production/check_password.o (__do_copy_data)
c:/program files/microchip/xc8/v2.46/avr/bin/../lib/gcc/avr/5.4.0/avr5\libgcc.a(_udivmodhi4.o)
                              c:/program files/microchip/xc8/v2.46/avr/bin/../lib/gcc/avr/5.4.0/avr5\libgcc.a(_divmodhi4.o) (__udivmodhi4)
c:/program files/microchip/xc8/v2.46/avr/bin/../lib/gcc/avr/5.4.0/../../../../avr/lib/avr5\libc.a(exit.o)
                              C:/Program Files/Microchip/MPLABX/v6.20/packs/Microchip/ATmega_DFP/3.1.264/xc8/avr/lib/avr5/crtatmega32a.o (exit)
c:/program files/microchip/xc8/v2.46/avr/bin/../lib/gcc/avr/5.4.0/../../../../avr/lib/avr5\libc.a(strcmp.o)
                              build/default/production/check_password.o (strcmp)
c:/program files/microchip/xc8/v2.46/avr/bin/../lib/gcc/avr/5.4.0/../../../../avr/lib/avr5\libc.a(_Exit.o)
                              c:/program files/microchip/xc8/v2.46/avr/bin/../lib/gcc/avr/5.4.0/../../../../avr/lib/avr5\libc.a(exit.o) (_Exit)
c:/program files/microchip/xc8/v2.46/avr/bin/../lib/gcc/avr/5.4.0/avr5\libgcc.a(_exit.o)
                              c:/program files/microchip/xc8/v2.46/avr/bin/../lib/gcc/avr/5.4.0/../../../../avr/lib/avr5\libc.a(_Exit.o) (_exit)

Discarded input sections

 .data          0x0000000000000000        0x0 C:/Program Files/Microchip/MPLABX/v6.20/packs/Microchip/ATmega_DFP/3.1.264/xc8/avr/lib/avr5/crtatmega32a.o
 .bss           0x0000000000000000        0x0 C:/Program Files/Microchip/MPLABX/v6.20/packs/Microchip/ATmega_DFP/3.1.264/xc8/avr/lib/avr5/crtatmega32a.o
 .data          0x0000000000000000        0x0 build/default/production/newavr-main.o
 .bss           0x0000000000000000        0x0 build/default/production/newavr-main.o
 .data          0x0000000000000000        0x0 build/default/production/DIO.o
 .bss           0x0000000000000000        0x0 build/default/production/DIO.o
 .data          0x0000000000000000        0x0 build/default/production/LEDs.o
 .bss           0x0000000000000000        0x0 build/default/production/LEDs.o
 .data          0x0000000000000000        0x0 build/default/production/buttons.o
 .bss           0x0000000000000000        0x0 build/default/production/buttons.o
 .text          0x0000000000000000     0x2d32 build/default/production/kpad.o
 .data          0x0000000000000000        0x0 build/default/production/kpad.o
 .bss           0x0000000000000000        0x0 build/default/production/kpad.o
 .debug_info    0x0000000000000000     0x107e build/default/production/kpad.o
 .debug_abbrev  0x0000000000000000      0x119 build/default/production/kpad.o
 .debug_aranges
                0x0000000000000000       0x20 build/default/production/kpad.o
 .debug_line    0x0000000000000000      0xa57 build/default/production/kpad.o
 .debug_str     0x0000000000000000        0x8 build/default/production/kpad.o
 .comment       0x0000000000000000       0x30 build/default/production/kpad.o
 .debug_frame   0x0000000000000000       0x60 build/default/production/kpad.o
 .text          0x0000000000000000      0x9f0 build/default/production/LCD.o
 .data          0x0000000000000000        0x0 build/default/production/LCD.o
 .bss           0x0000000000000000        0x0 build/default/production/LCD.o
 .debug_info    0x0000000000000000      0x798 build/default/production/LCD.o
 .debug_abbrev  0x0000000000000000      0x19a build/default/production/LCD.o
 .debug_aranges
                0x0000000000000000       0x20 build/default/production/LCD.o
 .debug_ranges  0x0000000000000000       0x60 build/default/production/LCD.o
 .debug_line    0x0000000000000000      0x4c0 build/default/production/LCD.o
 .debug_str     0x0000000000000000        0x8 build/default/production/LCD.o
 .comment       0x0000000000000000       0x30 build/default/production/LCD.o
 .debug_frame   0x0000000000000000      0x114 build/default/production/LCD.o
 .text          0x0000000000000000      0x838 build/default/production/LCD4BIT.o
 .data          0x0000000000000000        0x0 build/default/production/LCD4BIT.o
 .bss           0x0000000000000000        0x0 build/default/production/LCD4BIT.o
 .debug_info    0x0000000000000000      0x73c build/default/production/LCD4BIT.o
 .debug_abbrev  0x0000000000000000      0x1bc build/default/production/LCD4BIT.o
 .debug_aranges
                0x0000000000000000       0x20 build/default/production/LCD4BIT.o
 .debug_ranges  0x0000000000000000       0x18 build/default/production/LCD4BIT.o
 .debug_line    0x0000000000000000      0x3a8 build/default/production/LCD4BIT.o
 .debug_str     0x0000000000000000        0xf build/default/production/LCD4BIT.o
 .comment       0x0000000000000000       0x30 build/default/production/LCD4BIT.o
 .debug_frame   0x0000000000000000       0xf4 build/default/production/LCD4BIT.o
 .data          0x0000000000000000        0x0 build/default/production/output_devices.o
 .bss           0x0000000000000000        0x0 build/default/production/output_devices.o
 .text          0x0000000000000000      0x102 build/default/production/check_password.o
 .data          0x0000000000000000        0x0 build/default/production/check_password.o
 .bss           0x0000000000000000        0x0 build/default/production/check_password.o
 .rodata        0x0000000000000000       0x37 build/default/production/check_password.o
 .debug_info    0x0000000000000000      0x2a1 build/default/production/check_password.o
 .debug_abbrev  0x0000000000000000       0x68 build/default/production/check_password.o
 .debug_aranges
                0x0000000000000000       0x20 build/default/production/check_password.o
 .debug_line    0x0000000000000000       0xe4 build/default/production/check_password.o
 .debug_str     0x0000000000000000        0x0 build/default/production/check_password.o
 .comment       0x0000000000000000       0x30 build/default/production/check_password.o
 .debug_frame   0x0000000000000000       0x34 build/default/production/check_password.o
 .text          0x0000000000000000        0xa c:/program files/microchip/xc8/v2.46/avr/bin/../lib/gcc/avr/5.4.0/../../../../avr/lib/avr5\libm.a(cmpsf2.o)
 .data          0x0000000000000000        0x0 c:/program files/microchip/xc8/v2.46/avr/bin/../lib/gcc/avr/5.4.0/../../../../avr/lib/avr5\libm.a(cmpsf2.o)
 .bss           0x0000000000000000        0x0 c:/program files/microchip/xc8/v2.46/avr/bin/../lib/gcc/avr/5.4.0/../../../../avr/lib/avr5\libm.a(cmpsf2.o)
 .stack.descriptors.hdr
                0x0000000000000000        0xe c:/program files/microchip/xc8/v2.46/avr/bin/../lib/gcc/avr/5.4.0/../../../../avr/lib/avr5\libm.a(cmpsf2.o)
 .stack.descriptors
                0x0000000000000000       0x6a c:/program files/microchip/xc8/v2.46/avr/bin/../lib/gcc/avr/5.4.0/../../../../avr/lib/avr5\libm.a(cmpsf2.o)
 .note.GNU-stack
                0x0000000000000000        0x0 c:/program files/microchip/xc8/v2.46/avr/bin/../lib/gcc/avr/5.4.0/../../../../avr/lib/avr5\libm.a(cmpsf2.o)
 .text          0x0000000000000000        0x8 c:/program files/microchip/xc8/v2.46/avr/bin/../lib/gcc/avr/5.4.0/../../../../avr/lib/avr5\libm.a(divsf3.o)
 .data          0x0000000000000000        0x0 c:/program files/microchip/xc8/v2.46/avr/bin/../lib/gcc/avr/5.4.0/../../../../avr/lib/avr5\libm.a(divsf3.o)
 .bss           0x0000000000000000        0x0 c:/program files/microchip/xc8/v2.46/avr/bin/../lib/gcc/avr/5.4.0/../../../../avr/lib/avr5\libm.a(divsf3.o)
 .stack.descriptors.hdr
                0x0000000000000000        0xe c:/program files/microchip/xc8/v2.46/avr/bin/../lib/gcc/avr/5.4.0/../../../../avr/lib/avr5\libm.a(divsf3.o)
 .stack.descriptors
                0x0000000000000000       0x16 c:/program files/microchip/xc8/v2.46/avr/bin/../lib/gcc/avr/5.4.0/../../../../avr/lib/avr5\libm.a(divsf3.o)
 .note.GNU-stack
                0x0000000000000000        0x0 c:/program files/microchip/xc8/v2.46/avr/bin/../lib/gcc/avr/5.4.0/../../../../avr/lib/avr5\libm.a(divsf3.o)
 .text          0x0000000000000000       0xde c:/program files/microchip/xc8/v2.46/avr/bin/../lib/gcc/avr/5.4.0/../../../../avr/lib/avr5\libm.a(divsf3x.o)
 .data          0x0000000000000000        0x0 c:/program files/microchip/xc8/v2.46/avr/bin/../lib/gcc/avr/5.4.0/../../../../avr/lib/avr5\libm.a(divsf3x.o)
 .bss           0x0000000000000000        0x0 c:/program files/microchip/xc8/v2.46/avr/bin/../lib/gcc/avr/5.4.0/../../../../avr/lib/avr5\libm.a(divsf3x.o)
 .stack.descriptors.hdr
                0x0000000000000000        0xe c:/program files/microchip/xc8/v2.46/avr/bin/../lib/gcc/avr/5.4.0/../../../../avr/lib/avr5\libm.a(divsf3x.o)
 .stack.descriptors
                0x0000000000000000       0x31 c:/program files/microchip/xc8/v2.46/avr/bin/../lib/gcc/avr/5.4.0/../../../../avr/lib/avr5\libm.a(divsf3x.o)
 .note.GNU-stack
                0x0000000000000000        0x0 c:/program files/microchip/xc8/v2.46/avr/bin/../lib/gcc/avr/5.4.0/../../../../avr/lib/avr5\libm.a(divsf3x.o)
 .text          0x0000000000000000       0x5e c:/program files/microchip/xc8/v2.46/avr/bin/../lib/gcc/avr/5.4.0/../../../../avr/lib/avr5\libm.a(fixunssfsi.o)
 .data          0x0000000000000000        0x0 c:/program files/microchip/xc8/v2.46/avr/bin/../lib/gcc/avr/5.4.0/../../../../avr/lib/avr5\libm.a(fixunssfsi.o)
 .bss           0x0000000000000000        0x0 c:/program files/microchip/xc8/v2.46/avr/bin/../lib/gcc/avr/5.4.0/../../../../avr/lib/avr5\libm.a(fixunssfsi.o)
 .stack.descriptors.hdr
                0x0000000000000000        0xe c:/program files/microchip/xc8/v2.46/avr/bin/../lib/gcc/avr/5.4.0/../../../../avr/lib/avr5\libm.a(fixunssfsi.o)
 .stack.descriptors
                0x0000000000000000       0x1a c:/program files/microchip/xc8/v2.46/avr/bin/../lib/gcc/avr/5.4.0/../../../../avr/lib/avr5\libm.a(fixunssfsi.o)
 .note.GNU-stack
                0x0000000000000000        0x0 c:/program files/microchip/xc8/v2.46/avr/bin/../lib/gcc/avr/5.4.0/../../../../avr/lib/avr5\libm.a(fixunssfsi.o)
 .text          0x0000000000000000       0x48 c:/program files/microchip/xc8/v2.46/avr/bin/../lib/gcc/avr/5.4.0/../../../../avr/lib/avr5\libm.a(fp_cmp.o)
 .data          0x0000000000000000        0x0 c:/program files/microchip/xc8/v2.46/avr/bin/../lib/gcc/avr/5.4.0/../../../../avr/lib/avr5\libm.a(fp_cmp.o)
 .bss           0x0000000000000000        0x0 c:/program files/microchip/xc8/v2.46/avr/bin/../lib/gcc/avr/5.4.0/../../../../avr/lib/avr5\libm.a(fp_cmp.o)
 .stack.descriptors.hdr
                0x0000000000000000        0xe c:/program files/microchip/xc8/v2.46/avr/bin/../lib/gcc/avr/5.4.0/../../../../avr/lib/avr5\libm.a(fp_cmp.o)
 .stack.descriptors
                0x0000000000000000       0x16 c:/program files/microchip/xc8/v2.46/avr/bin/../lib/gcc/avr/5.4.0/../../../../avr/lib/avr5\libm.a(fp_cmp.o)
 .note.GNU-stack
                0x0000000000000000        0x0 c:/program files/microchip/xc8/v2.46/avr/bin/../lib/gcc/avr/5.4.0/../../../../avr/lib/avr5\libm.a(fp_cmp.o)
 .text          0x0000000000000000        0xc c:/program files/microchip/xc8/v2.46/avr/bin/../lib/gcc/avr/5.4.0/../../../../avr/lib/avr5\libm.a(fp_inf.o)
 .data          0x0000000000000000        0x0 c:/program files/microchip/xc8/v2.46/avr/bin/../lib/gcc/avr/5.4.0/../../../../avr/lib/avr5\libm.a(fp_inf.o)
 .bss           0x0000000000000000        0x0 c:/program files/microchip/xc8/v2.46/avr/bin/../lib/gcc/avr/5.4.0/../../../../avr/lib/avr5\libm.a(fp_inf.o)
 .stack.descriptors.hdr
                0x0000000000000000        0xe c:/program files/microchip/xc8/v2.46/avr/bin/../lib/gcc/avr/5.4.0/../../../../avr/lib/avr5\libm.a(fp_inf.o)
 .stack.descriptors
                0x0000000000000000       0x16 c:/program files/microchip/xc8/v2.46/avr/bin/../lib/gcc/avr/5.4.0/../../../../avr/lib/avr5\libm.a(fp_inf.o)
 .note.GNU-stack
                0x0000000000000000        0x0 c:/program files/microchip/xc8/v2.46/avr/bin/../lib/gcc/avr/5.4.0/../../../../avr/lib/avr5\libm.a(fp_inf.o)
 .text          0x0000000000000000        0x6 c:/program files/microchip/xc8/v2.46/avr/bin/../lib/gcc/avr/5.4.0/../../../../avr/lib/avr5\libm.a(fp_nan.o)
 .data          0x0000000000000000        0x0 c:/program files/microchip/xc8/v2.46/avr/bin/../lib/gcc/avr/5.4.0/../../../../avr/lib/avr5\libm.a(fp_nan.o)
 .bss           0x0000000000000000        0x0 c:/program files/microchip/xc8/v2.46/avr/bin/../lib/gcc/avr/5.4.0/../../../../avr/lib/avr5\libm.a(fp_nan.o)
 .stack.descriptors.hdr
                0x0000000000000000        0xe c:/program files/microchip/xc8/v2.46/avr/bin/../lib/gcc/avr/5.4.0/../../../../avr/lib/avr5\libm.a(fp_nan.o)
 .stack.descriptors
                0x0000000000000000       0x16 c:/program files/microchip/xc8/v2.46/avr/bin/../lib/gcc/avr/5.4.0/../../../../avr/lib/avr5\libm.a(fp_nan.o)
 .note.GNU-stack
                0x0000000000000000        0x0 c:/program files/microchip/xc8/v2.46/avr/bin/../lib/gcc/avr/5.4.0/../../../../avr/lib/avr5\libm.a(fp_nan.o)
 .text          0x0000000000000000        0xe c:/program files/microchip/xc8/v2.46/avr/bin/../lib/gcc/avr/5.4.0/../../../../avr/lib/avr5\libm.a(fp_pscA.o)
 .data          0x0000000000000000        0x0 c:/program files/microchip/xc8/v2.46/avr/bin/../lib/gcc/avr/5.4.0/../../../../avr/lib/avr5\libm.a(fp_pscA.o)
 .bss           0x0000000000000000        0x0 c:/program files/microchip/xc8/v2.46/avr/bin/../lib/gcc/avr/5.4.0/../../../../avr/lib/avr5\libm.a(fp_pscA.o)
 .stack.descriptors.hdr
                0x0000000000000000        0xe c:/program files/microchip/xc8/v2.46/avr/bin/../lib/gcc/avr/5.4.0/../../../../avr/lib/avr5\libm.a(fp_pscA.o)
 .stack.descriptors
                0x0000000000000000       0x17 c:/program files/microchip/xc8/v2.46/avr/bin/../lib/gcc/avr/5.4.0/../../../../avr/lib/avr5\libm.a(fp_pscA.o)
 .note.GNU-stack
                0x0000000000000000        0x0 c:/program files/microchip/xc8/v2.46/avr/bin/../lib/gcc/avr/5.4.0/../../../../avr/lib/avr5\libm.a(fp_pscA.o)
 .text          0x0000000000000000        0xe c:/program files/microchip/xc8/v2.46/avr/bin/../lib/gcc/avr/5.4.0/../../../../avr/lib/avr5\libm.a(fp_pscB.o)
 .data          0x0000000000000000        0x0 c:/program files/microchip/xc8/v2.46/avr/bin/../lib/gcc/avr/5.4.0/../../../../avr/lib/avr5\libm.a(fp_pscB.o)
 .bss           0x0000000000000000        0x0 c:/program files/microchip/xc8/v2.46/avr/bin/../lib/gcc/avr/5.4.0/../../../../avr/lib/avr5\libm.a(fp_pscB.o)
 .stack.descriptors.hdr
                0x0000000000000000        0xe c:/program files/microchip/xc8/v2.46/avr/bin/../lib/gcc/avr/5.4.0/../../../../avr/lib/avr5\libm.a(fp_pscB.o)
 .stack.descriptors
                0x0000000000000000       0x17 c:/program files/microchip/xc8/v2.46/avr/bin/../lib/gcc/avr/5.4.0/../../../../avr/lib/avr5\libm.a(fp_pscB.o)
 .note.GNU-stack
                0x0000000000000000        0x0 c:/program files/microchip/xc8/v2.46/avr/bin/../lib/gcc/avr/5.4.0/../../../../avr/lib/avr5\libm.a(fp_pscB.o)
 .text          0x0000000000000000       0x22 c:/program files/microchip/xc8/v2.46/avr/bin/../lib/gcc/avr/5.4.0/../../../../avr/lib/avr5\libm.a(fp_round.o)
 .data          0x0000000000000000        0x0 c:/program files/microchip/xc8/v2.46/avr/bin/../lib/gcc/avr/5.4.0/../../../../avr/lib/avr5\libm.a(fp_round.o)
 .bss           0x0000000000000000        0x0 c:/program files/microchip/xc8/v2.46/avr/bin/../lib/gcc/avr/5.4.0/../../../../avr/lib/avr5\libm.a(fp_round.o)
 .stack.descriptors.hdr
                0x0000000000000000        0xe c:/program files/microchip/xc8/v2.46/avr/bin/../lib/gcc/avr/5.4.0/../../../../avr/lib/avr5\libm.a(fp_round.o)
 .stack.descriptors
                0x0000000000000000       0x18 c:/program files/microchip/xc8/v2.46/avr/bin/../lib/gcc/avr/5.4.0/../../../../avr/lib/avr5\libm.a(fp_round.o)
 .note.GNU-stack
                0x0000000000000000        0x0 c:/program files/microchip/xc8/v2.46/avr/bin/../lib/gcc/avr/5.4.0/../../../../avr/lib/avr5\libm.a(fp_round.o)
 .text          0x0000000000000000       0x44 c:/program files/microchip/xc8/v2.46/avr/bin/../lib/gcc/avr/5.4.0/../../../../avr/lib/avr5\libm.a(fp_split3.o)
 .data          0x0000000000000000        0x0 c:/program files/microchip/xc8/v2.46/avr/bin/../lib/gcc/avr/5.4.0/../../../../avr/lib/avr5\libm.a(fp_split3.o)
 .bss           0x0000000000000000        0x0 c:/program files/microchip/xc8/v2.46/avr/bin/../lib/gcc/avr/5.4.0/../../../../avr/lib/avr5\libm.a(fp_split3.o)
 .stack.descriptors.hdr
                0x0000000000000000        0xe c:/program files/microchip/xc8/v2.46/avr/bin/../lib/gcc/avr/5.4.0/../../../../avr/lib/avr5\libm.a(fp_split3.o)
 .stack.descriptors
                0x0000000000000000       0x32 c:/program files/microchip/xc8/v2.46/avr/bin/../lib/gcc/avr/5.4.0/../../../../avr/lib/avr5\libm.a(fp_split3.o)
 .note.GNU-stack
                0x0000000000000000        0x0 c:/program files/microchip/xc8/v2.46/avr/bin/../lib/gcc/avr/5.4.0/../../../../avr/lib/avr5\libm.a(fp_split3.o)
 .text          0x0000000000000000        0xe c:/program files/microchip/xc8/v2.46/avr/bin/../lib/gcc/avr/5.4.0/../../../../avr/lib/avr5\libm.a(fp_zero.o)
 .data          0x0000000000000000        0x0 c:/program files/microchip/xc8/v2.46/avr/bin/../lib/gcc/avr/5.4.0/../../../../avr/lib/avr5\libm.a(fp_zero.o)
 .bss           0x0000000000000000        0x0 c:/program files/microchip/xc8/v2.46/avr/bin/../lib/gcc/avr/5.4.0/../../../../avr/lib/avr5\libm.a(fp_zero.o)
 .stack.descriptors.hdr
                0x0000000000000000        0xe c:/program files/microchip/xc8/v2.46/avr/bin/../lib/gcc/avr/5.4.0/../../../../avr/lib/avr5\libm.a(fp_zero.o)
 .stack.descriptors
                0x0000000000000000       0x2f c:/program files/microchip/xc8/v2.46/avr/bin/../lib/gcc/avr/5.4.0/../../../../avr/lib/avr5\libm.a(fp_zero.o)
 .note.GNU-stack
                0x0000000000000000        0x0 c:/program files/microchip/xc8/v2.46/avr/bin/../lib/gcc/avr/5.4.0/../../../../avr/lib/avr5\libm.a(fp_zero.o)
 .text          0x0000000000000000        0xa c:/program files/microchip/xc8/v2.46/avr/bin/../lib/gcc/avr/5.4.0/../../../../avr/lib/avr5\libm.a(gesf2.o)
 .data          0x0000000000000000        0x0 c:/program files/microchip/xc8/v2.46/avr/bin/../lib/gcc/avr/5.4.0/../../../../avr/lib/avr5\libm.a(gesf2.o)
 .bss           0x0000000000000000        0x0 c:/program files/microchip/xc8/v2.46/avr/bin/../lib/gcc/avr/5.4.0/../../../../avr/lib/avr5\libm.a(gesf2.o)
 .stack.descriptors.hdr
                0x0000000000000000        0xe c:/program files/microchip/xc8/v2.46/avr/bin/../lib/gcc/avr/5.4.0/../../../../avr/lib/avr5\libm.a(gesf2.o)
 .stack.descriptors
                0x0000000000000000       0x2a c:/program files/microchip/xc8/v2.46/avr/bin/../lib/gcc/avr/5.4.0/../../../../avr/lib/avr5\libm.a(gesf2.o)
 .note.GNU-stack
                0x0000000000000000        0x0 c:/program files/microchip/xc8/v2.46/avr/bin/../lib/gcc/avr/5.4.0/../../../../avr/lib/avr5\libm.a(gesf2.o)
 .text          0x0000000000000000        0x8 c:/program files/microchip/xc8/v2.46/avr/bin/../lib/gcc/avr/5.4.0/../../../../avr/lib/avr5\libm.a(mulsf3.o)
 .data          0x0000000000000000        0x0 c:/program files/microchip/xc8/v2.46/avr/bin/../lib/gcc/avr/5.4.0/../../../../avr/lib/avr5\libm.a(mulsf3.o)
 .bss           0x0000000000000000        0x0 c:/program files/microchip/xc8/v2.46/avr/bin/../lib/gcc/avr/5.4.0/../../../../avr/lib/avr5\libm.a(mulsf3.o)
 .stack.descriptors.hdr
                0x0000000000000000        0xe c:/program files/microchip/xc8/v2.46/avr/bin/../lib/gcc/avr/5.4.0/../../../../avr/lib/avr5\libm.a(mulsf3.o)
 .stack.descriptors
                0x0000000000000000       0x16 c:/program files/microchip/xc8/v2.46/avr/bin/../lib/gcc/avr/5.4.0/../../../../avr/lib/avr5\libm.a(mulsf3.o)
 .note.GNU-stack
                0x0000000000000000        0x0 c:/program files/microchip/xc8/v2.46/avr/bin/../lib/gcc/avr/5.4.0/../../../../avr/lib/avr5\libm.a(mulsf3.o)
 .text          0x0000000000000000       0xd4 c:/program files/microchip/xc8/v2.46/avr/bin/../lib/gcc/avr/5.4.0/../../../../avr/lib/avr5\libm.a(mulsf3x.o)
 .data          0x0000000000000000        0x0 c:/program files/microchip/xc8/v2.46/avr/bin/../lib/gcc/avr/5.4.0/../../../../avr/lib/avr5\libm.a(mulsf3x.o)
 .bss           0x0000000000000000        0x0 c:/program files/microchip/xc8/v2.46/avr/bin/../lib/gcc/avr/5.4.0/../../../../avr/lib/avr5\libm.a(mulsf3x.o)
 .stack.descriptors.hdr
                0x0000000000000000        0xe c:/program files/microchip/xc8/v2.46/avr/bin/../lib/gcc/avr/5.4.0/../../../../avr/lib/avr5\libm.a(mulsf3x.o)
 .stack.descriptors
                0x0000000000000000       0x31 c:/program files/microchip/xc8/v2.46/avr/bin/../lib/gcc/avr/5.4.0/../../../../avr/lib/avr5\libm.a(mulsf3x.o)
 .note.GNU-stack
                0x0000000000000000        0x0 c:/program files/microchip/xc8/v2.46/avr/bin/../lib/gcc/avr/5.4.0/../../../../avr/lib/avr5\libm.a(mulsf3x.o)
 .text          0x0000000000000000        0x0 c:/program files/microchip/xc8/v2.46/avr/bin/../lib/gcc/avr/5.4.0/avr5\libgcc.a(_divmodhi4.o)
 .data          0x0000000000000000        0x0 c:/program files/microchip/xc8/v2.46/avr/bin/../lib/gcc/avr/5.4.0/avr5\libgcc.a(_divmodhi4.o)
 .bss           0x0000000000000000        0x0 c:/program files/microchip/xc8/v2.46/avr/bin/../lib/gcc/avr/5.4.0/avr5\libgcc.a(_divmodhi4.o)
 .text.libgcc.mul
                0x0000000000000000        0x0 c:/program files/microchip/xc8/v2.46/avr/bin/../lib/gcc/avr/5.4.0/avr5\libgcc.a(_divmodhi4.o)
 .text.libgcc.div
                0x0000000000000000       0x28 c:/program files/microchip/xc8/v2.46/avr/bin/../lib/gcc/avr/5.4.0/avr5\libgcc.a(_divmodhi4.o)
 .stack.descriptors.hdr
                0x0000000000000000        0xe c:/program files/microchip/xc8/v2.46/avr/bin/../lib/gcc/avr/5.4.0/avr5\libgcc.a(_divmodhi4.o)
 .stack.descriptors
                0x0000000000000000       0x19 c:/program files/microchip/xc8/v2.46/avr/bin/../lib/gcc/avr/5.4.0/avr5\libgcc.a(_divmodhi4.o)
 .text.libgcc   0x0000000000000000        0x0 c:/program files/microchip/xc8/v2.46/avr/bin/../lib/gcc/avr/5.4.0/avr5\libgcc.a(_divmodhi4.o)
 .text.libgcc.prologue
                0x0000000000000000        0x0 c:/program files/microchip/xc8/v2.46/avr/bin/../lib/gcc/avr/5.4.0/avr5\libgcc.a(_divmodhi4.o)
 .text.libgcc.builtins
                0x0000000000000000        0x0 c:/program files/microchip/xc8/v2.46/avr/bin/../lib/gcc/avr/5.4.0/avr5\libgcc.a(_divmodhi4.o)
 .text.libgcc.fmul
                0x0000000000000000        0x0 c:/program files/microchip/xc8/v2.46/avr/bin/../lib/gcc/avr/5.4.0/avr5\libgcc.a(_divmodhi4.o)
 .text.libgcc.fixed
                0x0000000000000000        0x0 c:/program files/microchip/xc8/v2.46/avr/bin/../lib/gcc/avr/5.4.0/avr5\libgcc.a(_divmodhi4.o)
 .text          0x0000000000000000        0x0 c:/program files/microchip/xc8/v2.46/avr/bin/../lib/gcc/avr/5.4.0/avr5\libgcc.a(_copy_data.o)
 .data          0x0000000000000000        0x0 c:/program files/microchip/xc8/v2.46/avr/bin/../lib/gcc/avr/5.4.0/avr5\libgcc.a(_copy_data.o)
 .bss           0x0000000000000000        0x0 c:/program files/microchip/xc8/v2.46/avr/bin/../lib/gcc/avr/5.4.0/avr5\libgcc.a(_copy_data.o)
 .text.libgcc.mul
                0x0000000000000000        0x0 c:/program files/microchip/xc8/v2.46/avr/bin/../lib/gcc/avr/5.4.0/avr5\libgcc.a(_copy_data.o)
 .text.libgcc.div
                0x0000000000000000        0x0 c:/program files/microchip/xc8/v2.46/avr/bin/../lib/gcc/avr/5.4.0/avr5\libgcc.a(_copy_data.o)
 .text.libgcc   0x0000000000000000        0x0 c:/program files/microchip/xc8/v2.46/avr/bin/../lib/gcc/avr/5.4.0/avr5\libgcc.a(_copy_data.o)
 .text.libgcc.prologue
                0x0000000000000000        0x0 c:/program files/microchip/xc8/v2.46/avr/bin/../lib/gcc/avr/5.4.0/avr5\libgcc.a(_copy_data.o)
 .text.libgcc.builtins
                0x0000000000000000        0x0 c:/program files/microchip/xc8/v2.46/avr/bin/../lib/gcc/avr/5.4.0/avr5\libgcc.a(_copy_data.o)
 .text.libgcc.fmul
                0x0000000000000000        0x0 c:/program files/microchip/xc8/v2.46/avr/bin/../lib/gcc/avr/5.4.0/avr5\libgcc.a(_copy_data.o)
 .text.libgcc.fixed
                0x0000000000000000        0x0 c:/program files/microchip/xc8/v2.46/avr/bin/../lib/gcc/avr/5.4.0/avr5\libgcc.a(_copy_data.o)
 .text          0x0000000000000000        0x0 c:/program files/microchip/xc8/v2.46/avr/bin/../lib/gcc/avr/5.4.0/avr5\libgcc.a(_udivmodhi4.o)
 .data          0x0000000000000000        0x0 c:/program files/microchip/xc8/v2.46/avr/bin/../lib/gcc/avr/5.4.0/avr5\libgcc.a(_udivmodhi4.o)
 .bss           0x0000000000000000        0x0 c:/program files/microchip/xc8/v2.46/avr/bin/../lib/gcc/avr/5.4.0/avr5\libgcc.a(_udivmodhi4.o)
 .text.libgcc.mul
                0x0000000000000000        0x0 c:/program files/microchip/xc8/v2.46/avr/bin/../lib/gcc/avr/5.4.0/avr5\libgcc.a(_udivmodhi4.o)
 .text.libgcc.div
                0x0000000000000000       0x28 c:/program files/microchip/xc8/v2.46/avr/bin/../lib/gcc/avr/5.4.0/avr5\libgcc.a(_udivmodhi4.o)
 .stack.descriptors.hdr
                0x0000000000000000        0xe c:/program files/microchip/xc8/v2.46/avr/bin/../lib/gcc/avr/5.4.0/avr5\libgcc.a(_udivmodhi4.o)
 .stack.descriptors
                0x0000000000000000       0x1a c:/program files/microchip/xc8/v2.46/avr/bin/../lib/gcc/avr/5.4.0/avr5\libgcc.a(_udivmodhi4.o)
 .text.libgcc   0x0000000000000000        0x0 c:/program files/microchip/xc8/v2.46/avr/bin/../lib/gcc/avr/5.4.0/avr5\libgcc.a(_udivmodhi4.o)
 .text.libgcc.prologue
                0x0000000000000000        0x0 c:/program files/microchip/xc8/v2.46/avr/bin/../lib/gcc/avr/5.4.0/avr5\libgcc.a(_udivmodhi4.o)
 .text.libgcc.builtins
                0x0000000000000000        0x0 c:/program files/microchip/xc8/v2.46/avr/bin/../lib/gcc/avr/5.4.0/avr5\libgcc.a(_udivmodhi4.o)
 .text.libgcc.fmul
                0x0000000000000000        0x0 c:/program files/microchip/xc8/v2.46/avr/bin/../lib/gcc/avr/5.4.0/avr5\libgcc.a(_udivmodhi4.o)
 .text.libgcc.fixed
                0x0000000000000000        0x0 c:/program files/microchip/xc8/v2.46/avr/bin/../lib/gcc/avr/5.4.0/avr5\libgcc.a(_udivmodhi4.o)
 .text          0x0000000000000000        0x0 c:/program files/microchip/xc8/v2.46/avr/bin/../lib/gcc/avr/5.4.0/../../../../avr/lib/avr5\libc.a(exit.o)
 .data          0x0000000000000000        0x0 c:/program files/microchip/xc8/v2.46/avr/bin/../lib/gcc/avr/5.4.0/../../../../avr/lib/avr5\libc.a(exit.o)
 .bss           0x0000000000000000        0x0 c:/program files/microchip/xc8/v2.46/avr/bin/../lib/gcc/avr/5.4.0/../../../../avr/lib/avr5\libc.a(exit.o)
 .stack.descriptors
                0x0000000000000000       0x73 c:/program files/microchip/xc8/v2.46/avr/bin/../lib/gcc/avr/5.4.0/../../../../avr/lib/avr5\libc.a(exit.o)
 .text          0x0000000000000000        0x0 c:/program files/microchip/xc8/v2.46/avr/bin/../lib/gcc/avr/5.4.0/../../../../avr/lib/avr5\libc.a(strcmp.o)
 .data          0x0000000000000000        0x0 c:/program files/microchip/xc8/v2.46/avr/bin/../lib/gcc/avr/5.4.0/../../../../avr/lib/avr5\libc.a(strcmp.o)
 .bss           0x0000000000000000        0x0 c:/program files/microchip/xc8/v2.46/avr/bin/../lib/gcc/avr/5.4.0/../../../../avr/lib/avr5\libc.a(strcmp.o)
 .stack.descriptors
                0x0000000000000000       0x14 c:/program files/microchip/xc8/v2.46/avr/bin/../lib/gcc/avr/5.4.0/../../../../avr/lib/avr5\libc.a(strcmp.o)
 .text.strcmp   0x0000000000000000       0x1c c:/program files/microchip/xc8/v2.46/avr/bin/../lib/gcc/avr/5.4.0/../../../../avr/lib/avr5\libc.a(strcmp.o)
 .comment       0x0000000000000000       0x2d c:/program files/microchip/xc8/v2.46/avr/bin/../lib/gcc/avr/5.4.0/../../../../avr/lib/avr5\libc.a(strcmp.o)
 .stack.descriptors.hdr
                0x0000000000000000        0xe c:/program files/microchip/xc8/v2.46/avr/bin/../lib/gcc/avr/5.4.0/../../../../avr/lib/avr5\libc.a(strcmp.o)
 .note.GNU-stack
                0x0000000000000000        0x0 c:/program files/microchip/xc8/v2.46/avr/bin/../lib/gcc/avr/5.4.0/../../../../avr/lib/avr5\libc.a(strcmp.o)
 .text          0x0000000000000000        0x0 c:/program files/microchip/xc8/v2.46/avr/bin/../lib/gcc/avr/5.4.0/../../../../avr/lib/avr5\libc.a(_Exit.o)
 .data          0x0000000000000000        0x0 c:/program files/microchip/xc8/v2.46/avr/bin/../lib/gcc/avr/5.4.0/../../../../avr/lib/avr5\libc.a(_Exit.o)
 .bss           0x0000000000000000        0x0 c:/program files/microchip/xc8/v2.46/avr/bin/../lib/gcc/avr/5.4.0/../../../../avr/lib/avr5\libc.a(_Exit.o)
 .stack.descriptors
                0x0000000000000000       0x13 c:/program files/microchip/xc8/v2.46/avr/bin/../lib/gcc/avr/5.4.0/../../../../avr/lib/avr5\libc.a(_Exit.o)
 .text          0x0000000000000000        0x0 c:/program files/microchip/xc8/v2.46/avr/bin/../lib/gcc/avr/5.4.0/avr5\libgcc.a(_exit.o)
 .data          0x0000000000000000        0x0 c:/program files/microchip/xc8/v2.46/avr/bin/../lib/gcc/avr/5.4.0/avr5\libgcc.a(_exit.o)
 .bss           0x0000000000000000        0x0 c:/program files/microchip/xc8/v2.46/avr/bin/../lib/gcc/avr/5.4.0/avr5\libgcc.a(_exit.o)
 .text.libgcc.mul
                0x0000000000000000        0x0 c:/program files/microchip/xc8/v2.46/avr/bin/../lib/gcc/avr/5.4.0/avr5\libgcc.a(_exit.o)
 .text.libgcc.div
                0x0000000000000000        0x0 c:/program files/microchip/xc8/v2.46/avr/bin/../lib/gcc/avr/5.4.0/avr5\libgcc.a(_exit.o)
 .text.libgcc   0x0000000000000000        0x0 c:/program files/microchip/xc8/v2.46/avr/bin/../lib/gcc/avr/5.4.0/avr5\libgcc.a(_exit.o)
 .text.libgcc.prologue
                0x0000000000000000        0x0 c:/program files/microchip/xc8/v2.46/avr/bin/../lib/gcc/avr/5.4.0/avr5\libgcc.a(_exit.o)
 .stack.descriptors
                0x0000000000000000       0x13 c:/program files/microchip/xc8/v2.46/avr/bin/../lib/gcc/avr/5.4.0/avr5\libgcc.a(_exit.o)
 .text.libgcc.builtins
                0x0000000000000000        0x0 c:/program files/microchip/xc8/v2.46/avr/bin/../lib/gcc/avr/5.4.0/avr5\libgcc.a(_exit.o)
 .text.libgcc.fmul
                0x0000000000000000        0x0 c:/program files/microchip/xc8/v2.46/avr/bin/../lib/gcc/avr/5.4.0/avr5\libgcc.a(_exit.o)
 .text.libgcc.fixed
                0x0000000000000000        0x0 c:/program files/microchip/xc8/v2.46/avr/bin/../lib/gcc/avr/5.4.0/avr5\libgcc.a(_exit.o)

Memory Configuration

Name             Origin             Length             Attributes
text             0x0000000000000000 0x0000000000008000 xr
data             0x0000000000800060 0x0000000000000800 rw !x
eeprom           0x0000000000810000 0x0000000000000400 rw !x
fuse             0x0000000000820000 0x0000000000000002 rw !x
lock             0x0000000000830000 0x0000000000000400 rw !x
signature        0x0000000000840000 0x0000000000000400 rw !x
user_signatures  0x0000000000850000 0x0000000000000400 rw !x
bootrow          0x0000000000860000 0x0000000000000400 rw !x
*default*        0x0000000000000000 0xffffffffffffffff

Linker script and memory map

LOAD C:/Program Files/Microchip/MPLABX/v6.20/packs/Microchip/ATmega_DFP/3.1.264/xc8/avr/lib/avr5/crtatmega32a.o
                0x0000000000000001                __MPLAB_BUILD = 0x1
LOAD build/default/production/newavr-main.o
LOAD build/default/production/DIO.o
LOAD build/default/production/LEDs.o
LOAD build/default/production/buttons.o
LOAD build/default/production/kpad.o
LOAD build/default/production/LCD.o
LOAD build/default/production/LCD4BIT.o
LOAD build/default/production/output_devices.o
LOAD build/default/production/check_password.o
START GROUP
LOAD c:/program files/microchip/xc8/v2.46/avr/bin/../lib/gcc/avr/5.4.0/../../../../avr/lib/avr5\libm.a
END GROUP
START GROUP
LOAD c:/program files/microchip/xc8/v2.46/avr/bin/../lib/gcc/avr/5.4.0/avr5\libgcc.a
LOAD c:/program files/microchip/xc8/v2.46/avr/bin/../lib/gcc/avr/5.4.0/../../../../avr/lib/avr5\libm.a
LOAD c:/program files/microchip/xc8/v2.46/avr/bin/../lib/gcc/avr/5.4.0/../../../../avr/lib/avr5\libc.a
LOAD C:/Program Files/Microchip/MPLABX/v6.20/packs/Microchip/ATmega_DFP/3.1.264/xc8/avr/lib/avr5\libatmega32a.a
END GROUP
                [0x0000000000000000]                __TEXT_REGION_ORIGIN__ = DEFINED (__TEXT_REGION_ORIGIN__)?__TEXT_REGION_ORIGIN__:0x0
                [0x0000000000800060]                __DATA_REGION_ORIGIN__ = DEFINED (__DATA_REGION_ORIGIN__)?__DATA_REGION_ORIGIN__:0x800060
                [0x0000000000008000]                __TEXT_REGION_LENGTH__ = DEFINED (__TEXT_REGION_LENGTH__)?__TEXT_REGION_LENGTH__:0x20000
                [0x0000000000000800]                __DATA_REGION_LENGTH__ = DEFINED (__DATA_REGION_LENGTH__)?__DATA_REGION_LENGTH__:0xffa0
                [0x0000000000000400]                __EEPROM_REGION_LENGTH__ = DEFINED (__EEPROM_REGION_LENGTH__)?__EEPROM_REGION_LENGTH__:0x10000
                [0x0000000000000002]                __FUSE_REGION_LENGTH__ = DEFINED (__FUSE_REGION_LENGTH__)?__FUSE_REGION_LENGTH__:0x400
                0x0000000000000400                __LOCK_REGION_LENGTH__ = DEFINED (__LOCK_REGION_LENGTH__)?__LOCK_REGION_LENGTH__:0x400
                0x0000000000000400                __SIGNATURE_REGION_LENGTH__ = DEFINED (__SIGNATURE_REGION_LENGTH__)?__SIGNATURE_REGION_LENGTH__:0x400
                0x0000000000000400                __USER_SIGNATURE_REGION_LENGTH__ = DEFINED (__USER_SIGNATURE_REGION_LENGTH__)?__USER_SIGNATURE_REGION_LENGTH__:0x400
                0x0000000000000400                __BOOTROW_REGION_LENGTH__ = DEFINED (__BOOTROW_REGION_LENGTH__)?__BOOTROW_REGION_LENGTH__:0x400

.hash
 *(.hash)

.dynsym
 *(.dynsym)

.dynstr
 *(.dynstr)

.gnu.version
 *(.gnu.version)

.gnu.version_d
 *(.gnu.version_d)

.gnu.version_r
 *(.gnu.version_r)

.rel.init
 *(.rel.init)

.rela.init
 *(.rela.init)

.rel.text
 *(.rel.text)
 *(.rel.text.*)
 *(.rel.gnu.linkonce.t*)

.rela.text
 *(.rela.text)
 *(.rela.text.*)
 *(.rela.gnu.linkonce.t*)

.rel.fini
 *(.rel.fini)

.rela.fini
 *(.rela.fini)

.rel.rodata
 *(.rel.rodata)
 *(.rel.rodata.*)
 *(.rel.gnu.linkonce.r*)

.rela.rodata
 *(.rela.rodata)
 *(.rela.rodata.*)
 *(.rela.gnu.linkonce.r*)

.rel.data
 *(.rel.data)
 *(.rel.data.*)
 *(.rel.gnu.linkonce.d*)

.rela.data
 *(.rela.data)
 *(.rela.data.*)
 *(.rela.gnu.linkonce.d*)

.rel.ctors
 *(.rel.ctors)

.rela.ctors
 *(.rela.ctors)

.rel.dtors
 *(.rel.dtors)

.rela.dtors
 *(.rela.dtors)

.rel.got
 *(.rel.got)

.rela.got
 *(.rela.got)

.rel.bss
 *(.rel.bss)

.rela.bss
 *(.rela.bss)

.rel.plt
 *(.rel.plt)

.rela.plt
 *(.rela.plt)

.text           0x0000000000000000       0xa8
 *(.vectors)
 .vectors       0x0000000000000000       0x54 C:/Program Files/Microchip/MPLABX/v6.20/packs/Microchip/ATmega_DFP/3.1.264/xc8/avr/lib/avr5/crtatmega32a.o
                0x0000000000000000                __vector_default
                0x0000000000000000                __vectors
 *(.vectors)
 *(.progmem.gcc*)
 *(.dinit)
 .dinit         0x0000000000000054        0x0 data_init
                0x0000000000000054                . = ALIGN (0x2)
                0x0000000000000054                __trampolines_start = .
 *(.trampolines)
 .trampolines   0x0000000000000054        0x0 linker stubs
 *(.trampolines*)
                0x0000000000000054                __trampolines_end = .
 *libprintf_flt.a:*(.progmem.data)
 *libc.a:*(.progmem.data)
                0x0000000000000054                . = ALIGN (0x2)
 *(.jumptables)
 *(.jumptables*)
 *(.lowtext)
 *(.lowtext*)
                0x0000000000000054                __ctors_start = .
 *(.ctors)
                0x0000000000000054                __ctors_end = .
                0x0000000000000054                __dtors_start = .
 *(.dtors)
                0x0000000000000054                __dtors_end = .
 SORT(*)(.ctors)
 SORT(*)(.dtors)
 *(.init0)
 .init0         0x0000000000000054        0x0 C:/Program Files/Microchip/MPLABX/v6.20/packs/Microchip/ATmega_DFP/3.1.264/xc8/avr/lib/avr5/crtatmega32a.o
                0x0000000000000054                __init
 *(.init0)
 *(.init1)
 *(.init1)
 *(.init2)
 .init2         0x0000000000000054        0xc C:/Program Files/Microchip/MPLABX/v6.20/packs/Microchip/ATmega_DFP/3.1.264/xc8/avr/lib/avr5/crtatmega32a.o
 *(.init2)
 *(.init3)
 *(.init3)
 *(.init4)
 .init4         0x0000000000000060       0x3c c:/program files/microchip/xc8/v2.46/avr/bin/../lib/gcc/avr/5.4.0/avr5\libgcc.a(_copy_data.o)
                0x0000000000000060                __do_copy_data
                0x000000000000008e                __do_clear_bss
 *(.init4)
 *(.init5)
 *(.init5)
 *(.init6)
 *(.init6)
 *(.init7)
 *(.init7)
 *(.init8)
 *(.init8)
 *(.init9)
 .init9         0x000000000000009c        0x8 C:/Program Files/Microchip/MPLABX/v6.20/packs/Microchip/ATmega_DFP/3.1.264/xc8/avr/lib/avr5/crtatmega32a.o
 *(.init9)
                0x00000000000000a4                . = ALIGN (0x2)
 *(.fini9)
 .fini9         0x00000000000000a4        0x0 c:/program files/microchip/xc8/v2.46/avr/bin/../lib/gcc/avr/5.4.0/avr5\libgcc.a(_exit.o)
                0x00000000000000a4                _exit
 *(.fini9)
 *(.fini8)
 *(.fini8)
 *(.fini7)
 *(.fini7)
 *(.fini6)
 *(.fini6)
 *(.fini5)
 *(.fini5)
 *(.fini4)
 *(.fini4)
 *(.fini3)
 *(.fini3)
 *(.fini2)
 *(.fini2)
 *(.fini1)
 *(.fini1)
 *(.fini0)
 .fini0         0x00000000000000a4        0x4 c:/program files/microchip/xc8/v2.46/avr/bin/../lib/gcc/avr/5.4.0/avr5\libgcc.a(_exit.o)
 *(.fini0)
                0x00000000000000a8                _etext = .

.data           0x0000000000800060        0x0 load address 0x00000000000000a8
                [!provide]                        PROVIDE (__data_start, .)
 *(.gnu.linkonce.d*)
 *(.gnu.linkonce.r*)
                0x0000000000800060                . = ALIGN (0x2)
                0x0000000000800060                _edata = .
                [!provide]                        PROVIDE (__data_end, .)

.bss            0x0000000000800060        0x0
                [!provide]                        PROVIDE (__bss_start, .)
 *(COMMON)
                [!provide]                        PROVIDE (__bss_end, .)
                0x00000000000000a8                __data_load_start = LOADADDR (.data)
                0x00000000000000a8                __data_load_end = (__data_load_start + SIZEOF (.data))

.noinit         0x0000000000800060        0x0
                [!provide]                        PROVIDE (__noinit_start, .)
 *(.noinit*)
                [!provide]                        PROVIDE (__noinit_end, .)
                0x0000000000800060                _end = .

.eeprom         0x0000000000810000        0x0
 *(.eeprom*)
                0x0000000000810000                __eeprom_end = .

.fuse
 *(.fuse)
 *(.lfuse)
 *(.hfuse)
 *(.efuse)

.lock
 *(.lock*)

.signature
 *(.signature*)

.user_signatures
 *(.user_signatures*)

.bootrow
 *(.bootrow*)

.stab
 *(.stab)

.stabstr
 *(.stabstr)

.stab.excl
 *(.stab.excl)

.stab.exclstr
 *(.stab.exclstr)

.stab.index
 *(.stab.index)

.stab.indexstr
 *(.stab.indexstr)

.comment        0x0000000000000000       0x5b
 *(.comment)
 .comment       0x0000000000000000       0x2f build/default/production/newavr-main.o
                                         0x30 (size before relaxing)
 .comment       0x000000000000002f       0x30 build/default/production/DIO.o
 .comment       0x000000000000002f       0x30 build/default/production/LEDs.o
 .comment       0x000000000000002f       0x30 build/default/production/buttons.o
 .comment       0x000000000000002f       0x30 build/default/production/output_devices.o
 .comment       0x000000000000002f       0x2c c:/program files/microchip/xc8/v2.46/avr/bin/../lib/gcc/avr/5.4.0/../../../../avr/lib/avr5\libc.a(exit.o)
                                         0x2d (size before relaxing)
 .comment       0x000000000000005b       0x2d c:/program files/microchip/xc8/v2.46/avr/bin/../lib/gcc/avr/5.4.0/../../../../avr/lib/avr5\libc.a(_Exit.o)

.stack.descriptors.hdr
                0x0000000000000000       0x2a
 .stack.descriptors.hdr
                0x0000000000000000        0xe c:/program files/microchip/xc8/v2.46/avr/bin/../lib/gcc/avr/5.4.0/../../../../avr/lib/avr5\libc.a(exit.o)
 .stack.descriptors.hdr
                0x000000000000000e        0xe c:/program files/microchip/xc8/v2.46/avr/bin/../lib/gcc/avr/5.4.0/../../../../avr/lib/avr5\libc.a(_Exit.o)
 .stack.descriptors.hdr
                0x000000000000001c        0xe c:/program files/microchip/xc8/v2.46/avr/bin/../lib/gcc/avr/5.4.0/avr5\libgcc.a(_exit.o)

.note.GNU-stack
                0x0000000000000000        0x0
 .note.GNU-stack
                0x0000000000000000        0x0 c:/program files/microchip/xc8/v2.46/avr/bin/../lib/gcc/avr/5.4.0/../../../../avr/lib/avr5\libc.a(exit.o)
 .note.GNU-stack
                0x0000000000000000        0x0 c:/program files/microchip/xc8/v2.46/avr/bin/../lib/gcc/avr/5.4.0/../../../../avr/lib/avr5\libc.a(_Exit.o)

.note.gnu.build-id
 *(.note.gnu.build-id)

.debug
 *(.debug)

.line
 *(.line)

.debug_srcinfo
 *(.debug_srcinfo)

.debug_sfnames
 *(.debug_sfnames)

.debug_aranges  0x0000000000000000       0xa0
 *(.debug_aranges)
 .debug_aranges
                0x0000000000000000       0x20 build/default/production/newavr-main.o
 .debug_aranges
                0x0000000000000020       0x20 build/default/production/DIO.o
 .debug_aranges
                0x0000000000000040       0x20 build/default/production/LEDs.o
 .debug_aranges
                0x0000000000000060       0x20 build/default/production/buttons.o
 .debug_aranges
                0x0000000000000080       0x20 build/default/production/output_devices.o

.debug_pubnames
 *(.debug_pubnames)

.debug_info     0x0000000000000000     0x1535
 *(.debug_info .gnu.linkonce.wi.*)
 .debug_info    0x0000000000000000      0x4e6 C:/Program Files/Microchip/MPLABX/v6.20/packs/Microchip/ATmega_DFP/3.1.264/xc8/avr/lib/avr5/crtatmega32a.o
 .debug_info    0x00000000000004e6      0x1ef build/default/production/newavr-main.o
 .debug_info    0x00000000000006d5      0x752 build/default/production/DIO.o
 .debug_info    0x0000000000000e27      0x21e build/default/production/LEDs.o
 .debug_info    0x0000000000001045      0x293 build/default/production/buttons.o
 .debug_info    0x00000000000012d8      0x25d build/default/production/output_devices.o

.debug_abbrev   0x0000000000000000      0x6c9
 *(.debug_abbrev)
 .debug_abbrev  0x0000000000000000      0x4a3 C:/Program Files/Microchip/MPLABX/v6.20/packs/Microchip/ATmega_DFP/3.1.264/xc8/avr/lib/avr5/crtatmega32a.o
 .debug_abbrev  0x00000000000004a3       0x4d build/default/production/newavr-main.o
 .debug_abbrev  0x00000000000004f0       0xb2 build/default/production/DIO.o
 .debug_abbrev  0x00000000000005a2       0x78 build/default/production/LEDs.o
 .debug_abbrev  0x000000000000061a       0x7a build/default/production/buttons.o
 .debug_abbrev  0x0000000000000694       0x35 build/default/production/output_devices.o

.debug_line     0x0000000000000000      0x7ab
 *(.debug_line .debug_line.* .debug_line_end)
 .debug_line    0x0000000000000000      0x116 C:/Program Files/Microchip/MPLABX/v6.20/packs/Microchip/ATmega_DFP/3.1.264/xc8/avr/lib/avr5/crtatmega32a.o
 .debug_line    0x0000000000000116       0x57 build/default/production/newavr-main.o
 .debug_line    0x000000000000016d      0x44b build/default/production/DIO.o
 .debug_line    0x00000000000005b8       0xbc build/default/production/LEDs.o
 .debug_line    0x0000000000000674       0x95 build/default/production/buttons.o
 .debug_line    0x0000000000000709       0xa2 build/default/production/output_devices.o

.debug_frame    0x0000000000000000      0x5c4
 *(.debug_frame)
 .debug_frame   0x0000000000000000       0x34 build/default/production/newavr-main.o
 .debug_frame   0x0000000000000034      0x394 build/default/production/DIO.o
 .debug_frame   0x00000000000003c8       0x74 build/default/production/LEDs.o
 .debug_frame   0x000000000000043c       0xb4 build/default/production/buttons.o
 .debug_frame   0x00000000000004f0       0xd4 build/default/production/output_devices.o

.debug_str      0x0000000000000000      0x1b8
 *(.debug_str)
 .debug_str     0x0000000000000000      0x196 C:/Program Files/Microchip/MPLABX/v6.20/packs/Microchip/ATmega_DFP/3.1.264/xc8/avr/lib/avr5/crtatmega32a.o
 .debug_str     0x0000000000000196        0x0 build/default/production/newavr-main.o
 .debug_str     0x0000000000000196       0x1b build/default/production/DIO.o
 .debug_str     0x00000000000001b1        0x0 build/default/production/LEDs.o
 .debug_str     0x00000000000001b1        0x7 build/default/production/buttons.o
 .debug_str     0x00000000000001b8        0x0 build/default/production/output_devices.o

.debug_loc
 *(.debug_loc)

.debug_macinfo
 *(.debug_macinfo)

.debug_weaknames
 *(.debug_weaknames)

.debug_funcnames
 *(.debug_funcnames)

.debug_typenames
 *(.debug_typenames)

.debug_varnames
 *(.debug_varnames)

.debug_pubtypes
 *(.debug_pubtypes)

.debug_ranges
 *(.debug_ranges)

.debug_macro
 *(.debug_macro)
OUTPUT(dist/default/production/the_bright_moon.X.production.elf elf32-avr)
LOAD linker stubs
LOAD data_init

.note.gnu.avr.deviceinfo
                0x0000000000000000       0x3c
 .note.gnu.avr.deviceinfo
                0x0000000000000000       0x3c C:/Program Files/Microchip/MPLABX/v6.20/packs/Microchip/ATmega_DFP/3.1.264/xc8/avr/lib/avr5/crtatmega32a.o

.text           0x00000000000000a8      0x840
 .text          0x00000000000000a8      0x840 build/default/production/DIO.o
                0x00000000000000a8                setPORTA_DIR_VAL
                0x000000000000010c                setPORTB_DIR_VAL
                0x0000000000000170                setPORTC_DIR_VAL
                0x00000000000001d4                setPORTD_DIR_VAL
                0x0000000000000238                setPINA_DIR
                0x00000000000002b8                setPINB_DIR
                0x0000000000000338                setPINC_DIR
                0x00000000000003b8                setPIND_DIR
                0x0000000000000438                setPORTA_DIR
                0x0000000000000476                setPORTB_DIR
                0x00000000000004b4                setPORTC_DIR
                0x00000000000004f2                setPORTD_DIR
                0x0000000000000530                setPORTA_VAL
                0x0000000000000554                setPORTB_VAL
                0x0000000000000578                setPORTC_VAL
                0x000000000000059c                setPORTD_VAL
                0x00000000000005c0                setPINA
                0x0000000000000640                setPINB
                0x00000000000006c0                setPINC
                0x0000000000000740                setPIND
                0x00000000000007c0                readPORTA
                0x00000000000007d6                readPORTB
                0x00000000000007ec                readPORTC
                0x0000000000000802                readPORTD
                0x0000000000000818                readPINA
                0x000000000000084c                readPINB
                0x0000000000000880                readPINC
                0x00000000000008b4                readPIND

.text           0x00000000000008e8       0xdc
 .text          0x00000000000008e8       0xdc build/default/production/LEDs.o
                0x00000000000008e8                initLEDs
                0x0000000000000910                LED_ON
                0x000000000000096a                LED_OFF

.text           0x00000000000009c4       0xb4
 .text          0x00000000000009c4       0xb4 build/default/production/buttons.o
                0x00000000000009c4                initBTNs
                0x00000000000009f8                isPressedA
                0x0000000000000a18                isPressedB
                0x0000000000000a38                isPressedC
                0x0000000000000a58                isPressedD

.text           0x0000000000000a78       0xa8
 .text          0x0000000000000a78       0xa8 build/default/production/output_devices.o
                0x0000000000000a78                setBuzzerDir
                0x0000000000000a94                setRelayDir
                0x0000000000000ab0                setBuzzer_ON
                0x0000000000000acc                setBuzzer_OFF
                0x0000000000000ae8                setRelay_ON
                0x0000000000000b04                setRelay_OFF

.text           0x0000000000000b20       0x16
 .text          0x0000000000000b20       0x16 build/default/production/newavr-main.o
                0x0000000000000b20                main

.text.exit      0x0000000000000b36       0x16
 .text.exit     0x0000000000000b36       0x16 c:/program files/microchip/xc8/v2.46/avr/bin/../lib/gcc/avr/5.4.0/../../../../avr/lib/avr5\libc.a(exit.o)
                0x0000000000000b36                exit

.text           0x0000000000000b4c        0x4
 .text          0x0000000000000b4c        0x4 C:/Program Files/Microchip/MPLABX/v6.20/packs/Microchip/ATmega_DFP/3.1.264/xc8/avr/lib/avr5/crtatmega32a.o
                0x0000000000000b4c                __vector_1
                0x0000000000000b4c                __vector_12
                0x0000000000000b4c                __bad_interrupt
                0x0000000000000b4c                __vector_6
                0x0000000000000b4c                __vector_3
                0x0000000000000b4c                __vector_11
                0x0000000000000b4c                __vector_13
                0x0000000000000b4c                __vector_17
                0x0000000000000b4c                __vector_19
                0x0000000000000b4c                __vector_7
                0x0000000000000b4c                __vector_5
                0x0000000000000b4c                __vector_4
                0x0000000000000b4c                __vector_9
                0x0000000000000b4c                __vector_2
                0x0000000000000b4c                __vector_15
                0x0000000000000b4c                __vector_8
                0x0000000000000b4c                __vector_14
                0x0000000000000b4c                __vector_10
                0x0000000000000b4c                __vector_16
                0x0000000000000b4c                __vector_18
                0x0000000000000b4c                __vector_20

.text._Exit     0x0000000000000b50        0x4
 .text._Exit    0x0000000000000b50        0x4 c:/program files/microchip/xc8/v2.46/avr/bin/../lib/gcc/avr/5.4.0/../../../../avr/lib/avr5\libc.a(_Exit.o)
                0x0000000000000b50                _Exit

.text.__dummy_fini
                0x0000000000000b54        0x2
 .text.__dummy_fini
                0x0000000000000b54        0x2 c:/program files/microchip/xc8/v2.46/avr/bin/../lib/gcc/avr/5.4.0/../../../../avr/lib/avr5\libc.a(exit.o)
                0x0000000000000b54                _fini

.text.__dummy_funcs_on_exit
                0x0000000000000b56        0x2
 .text.__dummy_funcs_on_exit
                0x0000000000000b56        0x2 c:/program files/microchip/xc8/v2.46/avr/bin/../lib/gcc/avr/5.4.0/../../../../avr/lib/avr5\libc.a(exit.o)
                0x0000000000000b56                __funcs_on_exit

.text.__dummy_simulator_exit
                0x0000000000000b58        0x2
 .text.__dummy_simulator_exit
                0x0000000000000b58        0x2 c:/program files/microchip/xc8/v2.46/avr/bin/../lib/gcc/avr/5.4.0/../../../../avr/lib/avr5\libc.a(exit.o)
                0x0000000000000b58                __simulator_exit
